Archive member included to satisfy reference by file (symbol)

c:/stm32toolchain/gcc-arm/bin/../lib/gcc/arm-none-eabi/7.2.1/thumb/v7-m\libgcc.a(unwind-arm.o)
                              ./system/src/newlib/_cxx.o (__aeabi_unwind_cpp_pr1)
c:/stm32toolchain/gcc-arm/bin/../lib/gcc/arm-none-eabi/7.2.1/thumb/v7-m\libgcc.a(libunwind.o)
                              c:/stm32toolchain/gcc-arm/bin/../lib/gcc/arm-none-eabi/7.2.1/thumb/v7-m\libgcc.a(unwind-arm.o) (restore_core_regs)
c:/stm32toolchain/gcc-arm/bin/../lib/gcc/arm-none-eabi/7.2.1/thumb/v7-m\libgcc.a(pr-support.o)
                              c:/stm32toolchain/gcc-arm/bin/../lib/gcc/arm-none-eabi/7.2.1/thumb/v7-m\libgcc.a(unwind-arm.o) (__gnu_unwind_execute)
c:/stm32toolchain/gcc-arm/bin/../lib/gcc/arm-none-eabi/7.2.1/../../../../arm-none-eabi/lib/thumb/v7-m\libg_nano.a(lib_a-errno.o)
                              ./system/src/newlib/_sbrk.o (__errno)
c:/stm32toolchain/gcc-arm/bin/../lib/gcc/arm-none-eabi/7.2.1/../../../../arm-none-eabi/lib/thumb/v7-m\libg_nano.a(lib_a-impure.o)
                              c:/stm32toolchain/gcc-arm/bin/../lib/gcc/arm-none-eabi/7.2.1/../../../../arm-none-eabi/lib/thumb/v7-m\libg_nano.a(lib_a-errno.o) (_impure_ptr)
c:/stm32toolchain/gcc-arm/bin/../lib/gcc/arm-none-eabi/7.2.1/../../../../arm-none-eabi/lib/thumb/v7-m\libg_nano.a(lib_a-init.o)
                              ./system/src/cmsis/startup_stm32f103xb.o (__libc_init_array)
c:/stm32toolchain/gcc-arm/bin/../lib/gcc/arm-none-eabi/7.2.1/../../../../arm-none-eabi/lib/thumb/v7-m\libg_nano.a(lib_a-memcpy-stub.o)
                              c:/stm32toolchain/gcc-arm/bin/../lib/gcc/arm-none-eabi/7.2.1/thumb/v7-m\libgcc.a(unwind-arm.o) (memcpy)
c:/stm32toolchain/gcc-arm/bin/../lib/gcc/arm-none-eabi/7.2.1/../../../../arm-none-eabi/lib/thumb/v7-m\libg_nano.a(lib_a-strlen.o)
                              ./system/src/diag/Trace.o (strlen)
c:/stm32toolchain/gcc-arm/bin/../lib/gcc/arm-none-eabi/7.2.1/../../../../arm-none-eabi/lib/thumb/v7-m\libg_nano.a(lib_a-vsnprintf.o)
                              ./system/src/diag/Trace.o (vsnprintf)
c:/stm32toolchain/gcc-arm/bin/../lib/gcc/arm-none-eabi/7.2.1/../../../../arm-none-eabi/lib/thumb/v7-m\libg_nano.a(lib_a-nano-svfprintf.o)
                              c:/stm32toolchain/gcc-arm/bin/../lib/gcc/arm-none-eabi/7.2.1/../../../../arm-none-eabi/lib/thumb/v7-m\libg_nano.a(lib_a-vsnprintf.o) (_svfprintf_r)
c:/stm32toolchain/gcc-arm/bin/../lib/gcc/arm-none-eabi/7.2.1/../../../../arm-none-eabi/lib/thumb/v7-m\libg_nano.a(lib_a-nano-vfprintf_i.o)
                              c:/stm32toolchain/gcc-arm/bin/../lib/gcc/arm-none-eabi/7.2.1/../../../../arm-none-eabi/lib/thumb/v7-m\libg_nano.a(lib_a-nano-svfprintf.o) (_printf_i)
c:/stm32toolchain/gcc-arm/bin/../lib/gcc/arm-none-eabi/7.2.1/../../../../arm-none-eabi/lib/thumb/v7-m\libg_nano.a(lib_a-memchr-stub.o)
                              c:/stm32toolchain/gcc-arm/bin/../lib/gcc/arm-none-eabi/7.2.1/../../../../arm-none-eabi/lib/thumb/v7-m\libg_nano.a(lib_a-nano-svfprintf.o) (memchr)
c:/stm32toolchain/gcc-arm/bin/../lib/gcc/arm-none-eabi/7.2.1/../../../../arm-none-eabi/lib/thumb/v7-m\libg_nano.a(lib_a-memmove.o)
                              c:/stm32toolchain/gcc-arm/bin/../lib/gcc/arm-none-eabi/7.2.1/../../../../arm-none-eabi/lib/thumb/v7-m\libg_nano.a(lib_a-nano-svfprintf.o) (memmove)
c:/stm32toolchain/gcc-arm/bin/../lib/gcc/arm-none-eabi/7.2.1/../../../../arm-none-eabi/lib/thumb/v7-m\libg_nano.a(lib_a-nano-freer.o)
                              c:/stm32toolchain/gcc-arm/bin/../lib/gcc/arm-none-eabi/7.2.1/../../../../arm-none-eabi/lib/thumb/v7-m\libg_nano.a(lib_a-nano-svfprintf.o) (_free_r)
c:/stm32toolchain/gcc-arm/bin/../lib/gcc/arm-none-eabi/7.2.1/../../../../arm-none-eabi/lib/thumb/v7-m\libg_nano.a(lib_a-nano-mallocr.o)
                              c:/stm32toolchain/gcc-arm/bin/../lib/gcc/arm-none-eabi/7.2.1/../../../../arm-none-eabi/lib/thumb/v7-m\libg_nano.a(lib_a-nano-svfprintf.o) (_malloc_r)
c:/stm32toolchain/gcc-arm/bin/../lib/gcc/arm-none-eabi/7.2.1/../../../../arm-none-eabi/lib/thumb/v7-m\libg_nano.a(lib_a-nano-reallocr.o)
                              c:/stm32toolchain/gcc-arm/bin/../lib/gcc/arm-none-eabi/7.2.1/../../../../arm-none-eabi/lib/thumb/v7-m\libg_nano.a(lib_a-nano-svfprintf.o) (_realloc_r)
c:/stm32toolchain/gcc-arm/bin/../lib/gcc/arm-none-eabi/7.2.1/../../../../arm-none-eabi/lib/thumb/v7-m\libg_nano.a(lib_a-sbrkr.o)
                              c:/stm32toolchain/gcc-arm/bin/../lib/gcc/arm-none-eabi/7.2.1/../../../../arm-none-eabi/lib/thumb/v7-m\libg_nano.a(lib_a-nano-mallocr.o) (_sbrk_r)
c:/stm32toolchain/gcc-arm/bin/../lib/gcc/arm-none-eabi/7.2.1/../../../../arm-none-eabi/lib/thumb/v7-m\libg_nano.a(lib_a-mlock.o)
                              c:/stm32toolchain/gcc-arm/bin/../lib/gcc/arm-none-eabi/7.2.1/../../../../arm-none-eabi/lib/thumb/v7-m\libg_nano.a(lib_a-nano-freer.o) (__malloc_lock)
[...]
Memory Configuration

Name             Origin             Length             Attributes
FLASH            0x08000000         0x00020000         xr
RAM              0x20000000         0x00005000         xrw
CCMRAM           0x10000000         0x00000000         xrw
FLASHB1          0x00000000         0x00000000         xr
EXTMEMB0         0x00000000         0x00000000         xr
EXTMEMB1         0x00000000         0x00000000         xr
EXTMEMB2         0x00000000         0x00000000         xr
EXTMEMB3         0x00000000         0x00000000         xr
*default*        0x00000000         0xffffffff

Linker script and memory map

LOAD ./system/src/stm32f1xx/stm32f1xx_hal.o
LOAD ./system/src/stm32f1xx/stm32f1xx_hal_cortex.o
LOAD ./system/src/stm32f1xx/stm32f1xx_hal_dma.o
LOAD ./system/src/stm32f1xx/stm32f1xx_hal_flash.o
LOAD ./system/src/stm32f1xx/stm32f1xx_hal_flash_ex.o
LOAD ./system/src/stm32f1xx/stm32f1xx_hal_gpio.o
LOAD ./system/src/stm32f1xx/stm32f1xx_hal_gpio_ex.o
LOAD ./system/src/stm32f1xx/stm32f1xx_hal_pwr.o
LOAD ./system/src/stm32f1xx/stm32f1xx_hal_rcc.o
LOAD ./system/src/stm32f1xx/stm32f1xx_hal_rcc_ex.o
LOAD ./system/src/stm32f1xx/stm32f1xx_hal_tim.o
LOAD ./system/src/stm32f1xx/stm32f1xx_hal_tim_ex.o
LOAD ./system/src/newlib/_cxx.o
LOAD ./system/src/newlib/_exit.o
LOAD ./system/src/newlib/_sbrk.o
LOAD ./system/src/newlib/_startup.o
LOAD ./system/src/newlib/_syscalls.o
LOAD ./system/src/newlib/assert.o
LOAD ./system/src/diag/Trace.o
LOAD ./system/src/diag/trace_impl.o
LOAD ./system/src/cortexm/_initialize_hardware.o
LOAD ./system/src/cortexm/_reset_hardware.o
LOAD ./system/src/cortexm/exception_handlers.o
LOAD ./system/src/cmsis/startup_stm32f103xb.o
LOAD ./system/src/cmsis/system_stm32f1xx.o
LOAD ./src/main.o
LOAD ./src/stm32f1xx_hal_msp.o
LOAD ./src/stm32f1xx_it.o
LOAD c:/stm32toolchain/gcc-arm/bin/../lib/gcc/arm-none-eabi/7.2.1/../../../../arm-none-eabi/lib/thumb/v7-m\libstdc++_nano.a
LOAD c:/stm32toolchain/gcc-arm/bin/../lib/gcc/arm-none-eabi/7.2.1/../../../../arm-none-eabi/lib/thumb/v7-m\libm.a
START GROUP
LOAD c:/stm32toolchain/gcc-arm/bin/../lib/gcc/arm-none-eabi/7.2.1/thumb/v7-m\libgcc.a
LOAD c:/stm32toolchain/gcc-arm/bin/../lib/gcc/arm-none-eabi/7.2.1/../../../../arm-none-eabi/lib/thumb/v7-m\libg_nano.a
LOAD c:/stm32toolchain/gcc-arm/bin/../lib/gcc/arm-none-eabi/7.2.1/../../../../arm-none-eabi/lib/thumb/v7-m\libc_nano.a
END GROUP
START GROUP
LOAD c:/stm32toolchain/gcc-arm/bin/../lib/gcc/arm-none-eabi/7.2.1/thumb/v7-m\libgcc.a
LOAD c:/stm32toolchain/gcc-arm/bin/../lib/gcc/arm-none-eabi/7.2.1/../../../../arm-none-eabi/lib/thumb/v7-m\libc_nano.a
END GROUP
                0x20005000                __stack = (ORIGIN (RAM) + LENGTH (RAM))
                0x20005000                _estack = __stack
                0x00000400                __Main_Stack_Size = 0x400
                [!provide]                PROVIDE (_Main_Stack_Size, __Main_Stack_Size)
                0x20004c00                __Main_Stack_Limit = (__stack - __Main_Stack_Size)
                [!provide]                PROVIDE (_Main_Stack_Limit, __Main_Stack_Limit)
                0x00000100                _Minimum_Stack_Size = 0x100
                0x200001a8                PROVIDE (_Heap_Begin, _end_noinit)
                0x20004c00                PROVIDE (_Heap_Limit, (__stack - __Main_Stack_Size))

.isr_vector     0x08000000      0x34c
 FILL mask 0xff
                0x08000000                __vectors_start = ABSOLUTE (.)
                0x08000000                __vectors_start__ = ABSOLUTE (.)
 *(.isr_vector)
 .isr_vector    0x08000000      0x10c ./system/src/cmsis/startup_stm32f103xb.o
                0x08000000                g_pfnVectors
 *(.cfmconfig)
 *(.after_vectors .after_vectors.*)
 .after_vectors
                0x0800010c      0x114 ./system/src/newlib/_startup.o
                0x0800010c                _start
 .after_vectors
                0x08000220      0x12c ./system/src/cortexm/exception_handlers.o
                0x08000220                Reset_Handler
                0x08000226                NMI_Handler
                0x0800022a                HardFault_Handler
                0x0800023e                HardFault_Handler_C
                0x0800029c                MemManage_Handler
                0x080002a0                BusFault_Handler
                0x080002b4                BusFault_Handler_C
                0x080002e8                UsageFault_Handler
                0x080002fc                UsageFault_Handler_C
                0x08000330                SVC_Handler
                0x08000334                DebugMon_Handler
                0x08000338                PendSV_Handler

.inits          0x0800034c       0x28
                0x0800034c                __data_regions_array_start = .
                0x0800034c        0x4 LONG 0x8002624 LOADADDR (.data)
                0x08000350        0x4 LONG 0x20000000 ADDR (.data)
                0x08000354        0x4 LONG 0x200000b4 (ADDR (.data) + SIZEOF (.data))
                0x08000358        0x4 LONG 0x8002624 LOADADDR (.data_CCMRAM)
                0x0800035c        0x4 LONG 0x10000000 ADDR (.data_CCMRAM)
                0x08000360        0x4 LONG 0x10000000 (ADDR (.data_CCMRAM) + SIZEOF (.data_CCMRAM))
                0x08000364                __data_regions_array_end = .
                0x08000364                __bss_regions_array_start = .
                0x08000364        0x4 LONG 0x200000b4 ADDR (.bss)
                0x08000368        0x4 LONG 0x200001a8 (ADDR (.bss) + SIZEOF (.bss))
                0x0800036c        0x4 LONG 0x10000000 ADDR (.bss_CCMRAM)
                0x08000370        0x4 LONG 0x10000000 (ADDR (.bss_CCMRAM) + SIZEOF (.bss_CCMRAM))
                0x08000374                __bss_regions_array_end = .
 *(.init)
 *(.fini)
                0x08000374                . = ALIGN (0x4)
                0x08000374                PROVIDE (__preinit_array_start, .)
 *(.preinit_array_sysinit .preinit_array_sysinit.*)
 *(.preinit_array_platform .preinit_array_platform.*)
 *(.preinit_array .preinit_array.*)
                0x08000374                PROVIDE (__preinit_array_end, .)
                0x08000374                . = ALIGN (0x4)
                0x08000374                PROVIDE (__init_array_start, .)
 *(SORT_BY_NAME(.init_array.*))
 *(.init_array)
                0x08000374                PROVIDE (__init_array_end, .)
                0x08000374                . = ALIGN (0x4)
                0x08000374                PROVIDE (__fini_array_start, .)
 *(SORT_BY_NAME(.fini_array.*))
 *(.fini_array)
                0x08000374                PROVIDE (__fini_array_end, .)

.flashtext
 *(.flashtext .flashtext.*)

.text           0x08000374     0x22af
 *(.text .text.*)
 .text.HAL_InitTick
                0x08000374       0x4c ./system/src/stm32f1xx/stm32f1xx_hal.o
                0x08000374                HAL_InitTick
 .text.HAL_Init
                0x080003c0       0x24 ./system/src/stm32f1xx/stm32f1xx_hal.o
                0x080003c0                HAL_Init
 .text.HAL_IncTick
                0x080003e4       0x18 ./system/src/stm32f1xx/stm32f1xx_hal.o
                0x080003e4                HAL_IncTick
 .text.HAL_GetTick
                0x080003fc        0xc ./system/src/stm32f1xx/stm32f1xx_hal.o
                0x080003fc                HAL_GetTick
 .text.HAL_NVIC_SetPriorityGrouping
                0x08000408       0x24 ./system/src/stm32f1xx/stm32f1xx_hal_cortex.o
                0x08000408                HAL_NVIC_SetPriorityGrouping
 .text.HAL_NVIC_SetPriority
                0x0800042c       0x68 ./system/src/stm32f1xx/stm32f1xx_hal_cortex.o
                0x0800042c                HAL_NVIC_SetPriority
 .text.HAL_NVIC_EnableIRQ
                0x08000494       0x18 ./system/src/stm32f1xx/stm32f1xx_hal_cortex.o
                0x08000494                HAL_NVIC_EnableIRQ
 .text.HAL_SYSTICK_Config
                0x080004ac       0x2c ./system/src/stm32f1xx/stm32f1xx_hal_cortex.o
                0x080004ac                HAL_SYSTICK_Config
 .text.HAL_SYSTICK_CLKSourceConfig
                0x080004d8       0x20 ./system/src/stm32f1xx/stm32f1xx_hal_cortex.o
                0x080004d8                HAL_SYSTICK_CLKSourceConfig
 .text.HAL_SYSTICK_Callback
                0x080004f8        0x2 ./system/src/stm32f1xx/stm32f1xx_hal_cortex.o
                0x080004f8                HAL_SYSTICK_Callback
 .text.HAL_SYSTICK_IRQHandler
                0x080004fa        0x8 ./system/src/stm32f1xx/stm32f1xx_hal_cortex.o
                0x080004fa                HAL_SYSTICK_IRQHandler
 *fill*         0x08000502        0x2 
 .text.HAL_GPIO_Init
                0x08000504      0x1d4 ./system/src/stm32f1xx/stm32f1xx_hal_gpio.o
                0x08000504                HAL_GPIO_Init
 .text.HAL_GPIO_WritePin
                0x080006d8        0xc ./system/src/stm32f1xx/stm32f1xx_hal_gpio.o
                0x080006d8                HAL_GPIO_WritePin
 .text.HAL_GPIO_EXTI_Callback
                0x080006e4        0x2 ./system/src/stm32f1xx/stm32f1xx_hal_gpio.o
                0x080006e4                HAL_GPIO_EXTI_Callback
 *fill*         0x080006e6        0x2 
 .text.HAL_GPIO_EXTI_IRQHandler
                0x080006e8       0x1c ./system/src/stm32f1xx/stm32f1xx_hal_gpio.o
                0x080006e8                HAL_GPIO_EXTI_IRQHandler
 .text.RCC_Delay
                0x08000704       0x2c ./system/src/stm32f1xx/stm32f1xx_hal_rcc.o
 .text.HAL_RCC_OscConfig
                0x08000730      0x3dc ./system/src/stm32f1xx/stm32f1xx_hal_rcc.o
                0x08000730                HAL_RCC_OscConfig
 .text.HAL_RCC_GetSysClockFreq
                0x08000b0c       0x70 ./system/src/stm32f1xx/stm32f1xx_hal_rcc.o
                0x08000b0c                HAL_RCC_GetSysClockFreq
 .text.HAL_RCC_ClockConfig
                0x08000b7c      0x178 ./system/src/stm32f1xx/stm32f1xx_hal_rcc.o
                0x08000b7c                HAL_RCC_ClockConfig
 .text.HAL_RCC_GetHCLKFreq
                0x08000cf4        0xc ./system/src/stm32f1xx/stm32f1xx_hal_rcc.o
                0x08000cf4                HAL_RCC_GetHCLKFreq
 .text.TIM_OC1_SetConfig
                0x08000d00       0x5c ./system/src/stm32f1xx/stm32f1xx_hal_tim.o
 .text.TIM_OC3_SetConfig
                0x08000d5c       0x64 ./system/src/stm32f1xx/stm32f1xx_hal_tim.o
 .text.TIM_OC4_SetConfig
                0x08000dc0       0x48 ./system/src/stm32f1xx/stm32f1xx_hal_tim.o
 .text.TIM_TI1_ConfigInputStage
                0x08000e08       0x24 ./system/src/stm32f1xx/stm32f1xx_hal_tim.o
 .text.TIM_TI2_ConfigInputStage
                0x08000e2c       0x26 ./system/src/stm32f1xx/stm32f1xx_hal_tim.o
 .text.TIM_ITRx_SetConfig
                0x08000e52       0x10 ./system/src/stm32f1xx/stm32f1xx_hal_tim.o
 .text.TIM_ETR_SetConfig
                0x08000e62       0x16 ./system/src/stm32f1xx/stm32f1xx_hal_tim.o
 .text.HAL_TIM_Base_Start
                0x08000e78       0x1a ./system/src/stm32f1xx/stm32f1xx_hal_tim.o
                0x08000e78                HAL_TIM_Base_Start
 .text.HAL_TIM_PWM_MspInit
                0x08000e92        0x2 ./system/src/stm32f1xx/stm32f1xx_hal_tim.o
                0x08000e92                HAL_TIM_PWM_MspInit
 .text.HAL_TIM_ConfigClockSource
                0x08000e94      0x108 ./system/src/stm32f1xx/stm32f1xx_hal_tim.o
                0x08000e94                HAL_TIM_ConfigClockSource
 .text.TIM_Base_SetConfig
                0x08000f9c       0x74 ./system/src/stm32f1xx/stm32f1xx_hal_tim.o
                0x08000f9c                TIM_Base_SetConfig
 .text.HAL_TIM_Base_Init
                0x08001010       0x32 ./system/src/stm32f1xx/stm32f1xx_hal_tim.o
                0x08001010                HAL_TIM_Base_Init
 .text.HAL_TIM_PWM_Init
                0x08001042       0x32 ./system/src/stm32f1xx/stm32f1xx_hal_tim.o
                0x08001042                HAL_TIM_PWM_Init
 .text.TIM_OC2_SetConfig
                0x08001074       0x64 ./system/src/stm32f1xx/stm32f1xx_hal_tim.o
                0x08001074                TIM_OC2_SetConfig
 .text.HAL_TIM_PWM_ConfigChannel
                0x080010d8       0xdc ./system/src/stm32f1xx/stm32f1xx_hal_tim.o
                0x080010d8                HAL_TIM_PWM_ConfigChannel
 .text.TIM_CCxChannelCmd
                0x080011b4       0x1c ./system/src/stm32f1xx/stm32f1xx_hal_tim.o
                0x080011b4                TIM_CCxChannelCmd
 .text.HAL_TIM_PWM_Start
                0x080011d0       0x30 ./system/src/stm32f1xx/stm32f1xx_hal_tim.o
                0x080011d0                HAL_TIM_PWM_Start
 .text.HAL_TIMEx_MasterConfigSynchronization
                0x08001200       0x52 ./system/src/stm32f1xx/stm32f1xx_hal_tim_ex.o
                0x08001200                HAL_TIMEx_MasterConfigSynchronization
 .text._exit    0x08001252        0x2 ./system/src/newlib/_exit.o
                0x08001252                _exit
 .text._sbrk    0x08001254       0x44 ./system/src/newlib/_sbrk.o
                0x08001254                _sbrk
 .text.__initialize_args
                0x08001298       0x10 ./system/src/newlib/_syscalls.o
                0x08001298                __initialize_args
 .text.trace_printf
                0x080012a8       0x30 ./system/src/diag/Trace.o
                0x080012a8                trace_printf
 .text._trace_write_semihosting_debug
                0x080012d8       0x60 ./system/src/diag/trace_impl.o
 .text.trace_write
                0x08001338        0x8 ./system/src/diag/trace_impl.o
                0x08001338                trace_write
 .text.__initialize_hardware_early
                0x08001340       0x18 ./system/src/cortexm/_initialize_hardware.o
                0x08001340                __initialize_hardware_early
 .text.__initialize_hardware
                0x08001358        0x8 ./system/src/cortexm/_initialize_hardware.o
                0x08001358                __initialize_hardware
 .text.dumpExceptionStack
                0x08001360       0xf4 ./system/src/cortexm/exception_handlers.o
                0x08001360                dumpExceptionStack
 .text.isSemihosting
                0x08001454       0x20 ./system/src/cortexm/exception_handlers.o
                0x08001454                isSemihosting
 .text.Default_Handler
                0x08001474        0x2 ./system/src/cmsis/startup_stm32f103xb.o
                0x08001474                RTC_Alarm_IRQHandler
                0x08001474                EXTI2_IRQHandler
                0x08001474                TIM1_CC_IRQHandler
                0x08001474                PVD_IRQHandler
                0x08001474                EXTI3_IRQHandler
                0x08001474                EXTI0_IRQHandler
                0x08001474                I2C2_EV_IRQHandler
                0x08001474                ADC1_2_IRQHandler
                0x08001474                SPI1_IRQHandler
                0x08001474                TAMPER_IRQHandler
                0x08001474                DMA1_Channel4_IRQHandler
                0x08001474                USART3_IRQHandler
                0x08001474                RTC_IRQHandler
                0x08001474                DMA1_Channel7_IRQHandler
                0x08001474                CAN1_RX1_IRQHandler
                0x08001474                TIM4_IRQHandler
                0x08001474                I2C1_EV_IRQHandler
                0x08001474                DMA1_Channel6_IRQHandler
                0x08001474                TIM3_IRQHandler
                0x08001474                RCC_IRQHandler
                0x08001474                TIM1_TRG_COM_IRQHandler
                0x08001474                DMA1_Channel1_IRQHandler
                0x08001474                Default_Handler
                0x08001474                EXTI9_5_IRQHandler
                0x08001474                SPI2_IRQHandler
                0x08001474                DMA1_Channel5_IRQHandler
                0x08001474                EXTI4_IRQHandler
                0x08001474                USB_LP_CAN1_RX0_IRQHandler
                0x08001474                USB_HP_CAN1_TX_IRQHandler
                0x08001474                DMA1_Channel3_IRQHandler
                0x08001474                TIM1_UP_IRQHandler
                0x08001474                WWDG_IRQHandler
                0x08001474                TIM2_IRQHandler
                0x08001474                TIM1_BRK_IRQHandler
                0x08001474                EXTI1_IRQHandler
                0x08001474                USART2_IRQHandler
                0x08001474                I2C2_ER_IRQHandler
                0x08001474                DMA1_Channel2_IRQHandler
                0x08001474                CAN1_SCE_IRQHandler
                0x08001474                FLASH_IRQHandler
                0x08001474                USART1_IRQHandler
                0x08001474                I2C1_ER_IRQHandler
                0x08001474                USBWakeUp_IRQHandler
 *fill*         0x08001476        0x2 
 .text.SystemInit
                0x08001478       0x4c ./system/src/cmsis/system_stm32f1xx.o
                0x08001478                SystemInit
 .text.SystemCoreClockUpdate
                0x080014c4       0x94 ./system/src/cmsis/system_stm32f1xx.o
                0x080014c4                SystemCoreClockUpdate
 .text.MX_GPIO_Init
                0x08001558       0xb8 ./src/main.o
 .text.decodeTime
                0x08001610       0x5c ./src/main.o
                0x08001610                decodeTime
 .text.decodeState
                0x0800166c       0x60 ./src/main.o
                0x0800166c                decodeState
 .text.SysTick_Handler
                0x080016cc       0x40 ./src/main.o
                0x080016cc                SysTick_Handler
 .text._Error_Handler
                0x0800170c        0x2 ./src/main.o
                0x0800170c                _Error_Handler
 *fill*         0x0800170e        0x2 
 .text.MX_TIM3_Init
                0x08001710      0x104 ./src/main.o
 .text.SYSTICK_Init
                0x08001814       0x30 ./src/main.o
 .text.SystemClock_Config
                0x08001844       0x80 ./src/main.o
                0x08001844                SystemClock_Config
 .text.set_pwm_value
                0x080018c4       0xa8 ./src/main.o
                0x080018c4                set_pwm_value
 .text.main     0x0800196c      0x19c ./src/main.o
                0x0800196c                main
 .text.HAL_MspInit
                0x08001b08       0x90 ./src/stm32f1xx_hal_msp.o
                0x08001b08                HAL_MspInit
 .text.HAL_TIM_Base_MspInit
                0x08001b98       0x2c ./src/stm32f1xx_hal_msp.o
                0x08001b98                HAL_TIM_Base_MspInit
 .text.HAL_TIM_MspPostInit
                0x08001bc4       0x40 ./src/stm32f1xx_hal_msp.o
                0x08001bc4                HAL_TIM_MspPostInit
 .text.EXTI15_10_IRQHandler
                0x08001c04        0xc ./src/stm32f1xx_it.o
                0x08001c04                EXTI15_10_IRQHandler
 .text.__errno  0x08001c10        0xc c:/stm32toolchain/gcc-arm/bin/../lib/gcc/arm-none-eabi/7.2.1/../../../../arm-none-eabi/lib/thumb/v7-m\libg_nano.a(lib_a-errno.o)
                0x08001c10                __errno
 .text.memcpy   0x08001c1c       0x16 c:/stm32toolchain/gcc-arm/bin/../lib/gcc/arm-none-eabi/7.2.1/../../../../arm-none-eabi/lib/thumb/v7-m\libg_nano.a(lib_a-memcpy-stub.o)
                0x08001c1c                memcpy
 .text._vsnprintf_r
                0x08001c32       0x58 c:/stm32toolchain/gcc-arm/bin/../lib/gcc/arm-none-eabi/7.2.1/../../../../arm-none-eabi/lib/thumb/v7-m\libg_nano.a(lib_a-vsnprintf.o)
                0x08001c32                _vsniprintf_r
                0x08001c32                _vsnprintf_r
 *fill*         0x08001c8a        0x2 
 .text.vsnprintf
                0x08001c8c       0x1c c:/stm32toolchain/gcc-arm/bin/../lib/gcc/arm-none-eabi/7.2.1/../../../../arm-none-eabi/lib/thumb/v7-m\libg_nano.a(lib_a-vsnprintf.o)
                0x08001c8c                vsniprintf
                0x08001c8c                vsnprintf
 .text.__ssputs_r
                0x08001ca8       0xb4 c:/stm32toolchain/gcc-arm/bin/../lib/gcc/arm-none-eabi/7.2.1/../../../../arm-none-eabi/lib/thumb/v7-m\libg_nano.a(lib_a-nano-svfprintf.o)
                0x08001ca8                __ssputs_r
 .text._svfprintf_r
                0x08001d5c      0x1ec c:/stm32toolchain/gcc-arm/bin/../lib/gcc/arm-none-eabi/7.2.1/../../../../arm-none-eabi/lib/thumb/v7-m\libg_nano.a(lib_a-nano-svfprintf.o)
                0x08001d5c                _svfiprintf_r
                0x08001d5c                _svfprintf_r
 .text._printf_common
                0x08001f48       0xec c:/stm32toolchain/gcc-arm/bin/../lib/gcc/arm-none-eabi/7.2.1/../../../../arm-none-eabi/lib/thumb/v7-m\libg_nano.a(lib_a-nano-vfprintf_i.o)
                0x08001f48                _printf_common
 .text._printf_i
                0x08002034      0x224 c:/stm32toolchain/gcc-arm/bin/../lib/gcc/arm-none-eabi/7.2.1/../../../../arm-none-eabi/lib/thumb/v7-m\libg_nano.a(lib_a-nano-vfprintf_i.o)
                0x08002034                _printf_i
 .text.memchr   0x08002258       0x1c c:/stm32toolchain/gcc-arm/bin/../lib/gcc/arm-none-eabi/7.2.1/../../../../arm-none-eabi/lib/thumb/v7-m\libg_nano.a(lib_a-memchr-stub.o)
                0x08002258                memchr
 .text.memmove  0x08002274       0x32 c:/stm32toolchain/gcc-arm/bin/../lib/gcc/arm-none-eabi/7.2.1/../../../../arm-none-eabi/lib/thumb/v7-m\libg_nano.a(lib_a-memmove.o)
                0x08002274                memmove
 *fill*         0x080022a6        0x2 
 .text._free_r  0x080022a8       0x98 c:/stm32toolchain/gcc-arm/bin/../lib/gcc/arm-none-eabi/7.2.1/../../../../arm-none-eabi/lib/thumb/v7-m\libg_nano.a(lib_a-nano-freer.o)
                0x080022a8                _free_r
 .text._malloc_r
                0x08002340       0xb4 c:/stm32toolchain/gcc-arm/bin/../lib/gcc/arm-none-eabi/7.2.1/../../../../arm-none-eabi/lib/thumb/v7-m\libg_nano.a(lib_a-nano-mallocr.o)
                0x08002340                _malloc_r
 .text._realloc_r
                0x080023f4       0x4c c:/stm32toolchain/gcc-arm/bin/../lib/gcc/arm-none-eabi/7.2.1/../../../../arm-none-eabi/lib/thumb/v7-m\libg_nano.a(lib_a-nano-reallocr.o)
                0x080023f4                _realloc_r
 .text._sbrk_r  0x08002440       0x20 c:/stm32toolchain/gcc-arm/bin/../lib/gcc/arm-none-eabi/7.2.1/../../../../arm-none-eabi/lib/thumb/v7-m\libg_nano.a(lib_a-sbrkr.o)
                0x08002440                _sbrk_r
 .text.__malloc_lock
                0x08002460        0x2 c:/stm32toolchain/gcc-arm/bin/../lib/gcc/arm-none-eabi/7.2.1/../../../../arm-none-eabi/lib/thumb/v7-m\libg_nano.a(lib_a-mlock.o)
                0x08002460                __malloc_lock
 .text.__malloc_unlock
                0x08002462        0x2 c:/stm32toolchain/gcc-arm/bin/../lib/gcc/arm-none-eabi/7.2.1/../../../../arm-none-eabi/lib/thumb/v7-m\libg_nano.a(lib_a-mlock.o)
                0x08002462                __malloc_unlock
 .text._malloc_usable_size_r
                0x08002464       0x10 c:/stm32toolchain/gcc-arm/bin/../lib/gcc/arm-none-eabi/7.2.1/../../../../arm-none-eabi/lib/thumb/v7-m\libg_nano.a(lib_a-nano-msizer.o)
                0x08002464                _malloc_usable_size_r
 *(.rodata .rodata.* .constdata .constdata.*)
 .rodata        0x08002474       0x12 ./system/src/stm32f1xx/stm32f1xx_hal_rcc.o
 *fill*         0x08002486        0x2 
 .rodata.dumpExceptionStack.str1.4
                0x08002488      0x11a ./system/src/cortexm/exception_handlers.o
 *fill*         0x080025a2        0x2 
 .rodata.str1.4
                0x080025a4       0x2a ./system/src/cortexm/exception_handlers.o
 *fill*         0x080025ce        0x2 
 .rodata.AHBPrescTable
                0x080025d0       0x10 ./system/src/cmsis/system_stm32f1xx.o
                0x080025d0                AHBPrescTable
 .rodata.MX_TIM3_Init.str1.4
                0x080025e0       0x10 ./src/main.o
                                  0xe (size before relaxing)
 .rodata._svfprintf_r.str1.1
                0x080025f0       0x11 c:/stm32toolchain/gcc-arm/bin/../lib/gcc/arm-none-eabi/7.2.1/../../../../arm-none-eabi/lib/thumb/v7-m\libg_nano.a(lib_a-nano-svfprintf.o)
 .rodata._printf_i.str1.1
                0x08002601       0x22 c:/stm32toolchain/gcc-arm/bin/../lib/gcc/arm-none-eabi/7.2.1/../../../../arm-none-eabi/lib/thumb/v7-m\libg_nano.a(lib_a-nano-vfprintf_i.o)
 *(vtable)
 *(.eh_frame*)
 *(.glue_7)
 .glue_7        0x08002623        0x0 linker stubs
 *(.glue_7t)
 .glue_7t       0x08002623        0x0 linker stubs

.vfp11_veneer   0x08002624        0x0
 .vfp11_veneer  0x08002624        0x0 linker stubs

.v4_bx          0x08002624        0x0
 .v4_bx         0x08002624        0x0 linker stubs

.iplt           0x08002624        0x0
 .iplt          0x08002624        0x0 ./system/src/stm32f1xx/stm32f1xx_hal.o

.rel.dyn        0x08002624        0x0
 .rel.iplt      0x08002624        0x0 ./system/src/stm32f1xx/stm32f1xx_hal.o

.ARM.extab
 *(.ARM.extab* .gnu.linkonce.armextab.*)
                0x08002624                . = ALIGN (0x4)
                0x08002624                __exidx_start = .

.ARM.exidx
 *(.ARM.exidx* .gnu.linkonce.armexidx.*)
                0x08002624                __exidx_end = .
                0x08002624                . = ALIGN (0x4)
                0x08002624                _etext = .
                0x08002624                __etext = .

.data_CCMRAM    0x10000000        0x0 load address 0x08002624
 FILL mask 0xff
 *(.data.CCMRAM .data.CCMRAM.*)
                0x10000000                . = ALIGN (0x4)
                0x08002624                _sidata = LOADADDR (.data)

.data           0x20000000       0xb4 load address 0x08002624
 FILL mask 0xff
                0x20000000                _sdata = .
                0x20000000                __data_start__ = .
 *(.data_begin .data_begin.*)
 .data_begin    0x20000000        0x4 ./system/src/newlib/_startup.o
 *(.data .data.*)
 .data.uwTickFreq
                0x20000004        0x1 ./system/src/stm32f1xx/stm32f1xx_hal.o
                0x20000004                uwTickFreq
 *fill*         0x20000005        0x3 ff
 .data.uwTickPrio
                0x20000008        0x4 ./system/src/stm32f1xx/stm32f1xx_hal.o
                0x20000008                uwTickPrio
 .data.argv.4310
                0x2000000c        0x8 ./system/src/newlib/_syscalls.o
 .data.SystemCoreClock
                0x20000014        0x4 ./system/src/cmsis/system_stm32f1xx.o
                0x20000014                SystemCoreClock
 .data.nextUpdateTime
                0x20000018        0x4 ./src/main.o
                0x20000018                nextUpdateTime
 .data.pattern1
                0x2000001c       0x28 ./src/main.o
                0x2000001c                pattern1
 .data.updatePWM
                0x20000044        0x1 ./src/main.o
                0x20000044                updatePWM
 *fill*         0x20000045        0x3 ff
 .data.updateTicks
                0x20000048        0x4 ./src/main.o
                0x20000048                updateTicks
 .data._impure_ptr
                0x2000004c        0x4 c:/stm32toolchain/gcc-arm/bin/../lib/gcc/arm-none-eabi/7.2.1/../../../../arm-none-eabi/lib/thumb/v7-m\libg_nano.a(lib_a-impure.o)
                0x2000004c                _impure_ptr
 .data.impure_data
                0x20000050       0x60 c:/stm32toolchain/gcc-arm/bin/../lib/gcc/arm-none-eabi/7.2.1/../../../../arm-none-eabi/lib/thumb/v7-m\libg_nano.a(lib_a-impure.o)
 *(.data_end .data_end.*)
 .data_end      0x200000b0        0x4 ./system/src/newlib/_startup.o
                0x200000b4                . = ALIGN (0x4)
                0x200000b4                _edata = .
                0x200000b4                __data_end__ = .

.igot.plt       0x200000b4        0x0 load address 0x080026d8
 .igot.plt      0x200000b4        0x0 ./system/src/stm32f1xx/stm32f1xx_hal.o

.bss_CCMRAM     0x10000000        0x0
 *(.bss.CCMRAM .bss.CCMRAM.*)

.bss            0x200000b4       0xf4
                0x200000b4                __bss_start__ = .
                0x200000b4                _sbss = .
 *(.bss_begin .bss_begin.*)
 .bss_begin     0x200000b4        0x4 ./system/src/newlib/_startup.o
 *(.bss .bss.*)
 .bss.current_heap_end.3961
                0x200000b8        0x4 ./system/src/newlib/_sbrk.o
 .bss.name.4309
                0x200000bc        0x1 ./system/src/newlib/_syscalls.o
 *fill*         0x200000bd        0x3 
 .bss.buf.5205  0x200000c0       0x80 ./system/src/diag/Trace.o
 .bss.currentTicks
                0x20000140        0x4 ./src/main.o
                0x20000140                currentTicks
 .bss.endOfFade
                0x20000144        0x4 ./src/main.o
                0x20000144                endOfFade
 .bss.endOfState
                0x20000148        0x4 ./src/main.o
                0x20000148                endOfState
 .bss.fadeTicks
                0x2000014c        0x4 ./src/main.o
                0x2000014c                fadeTicks
 .bss.stateTicks
                0x20000150        0x4 ./src/main.o
                0x20000150                stateTicks
 .bss.__malloc_free_list
                0x20000154        0x4 c:/stm32toolchain/gcc-arm/bin/../lib/gcc/arm-none-eabi/7.2.1/../../../../arm-none-eabi/lib/thumb/v7-m\libg_nano.a(lib_a-nano-mallocr.o)
                0x20000154                __malloc_free_list
 .bss.__malloc_sbrk_start
                0x20000158        0x4 c:/stm32toolchain/gcc-arm/bin/../lib/gcc/arm-none-eabi/7.2.1/../../../../arm-none-eabi/lib/thumb/v7-m\libg_nano.a(lib_a-nano-mallocr.o)
                0x20000158                __malloc_sbrk_start
 *(COMMON)
 COMMON         0x2000015c        0x4 ./system/src/stm32f1xx/stm32f1xx_hal.o
                0x2000015c                uwTick
 COMMON         0x20000160        0x4 ./system/src/newlib/_syscalls.o
                0x20000160                errno
 COMMON         0x20000164       0x40 ./src/main.o
                0x20000164                htim3
 *(.bss_end .bss_end.*)
 .bss_end       0x200001a4        0x4 ./system/src/newlib/_startup.o
                0x200001a8                . = ALIGN (0x4)
                0x200001a8                __bss_end__ = .
                0x200001a8                _ebss = .

.noinit_CCMRAM
 *(.noinit.CCMRAM .noinit.CCMRAM.*)

.noinit         0x200001a8        0x0
                0x200001a8                _noinit = .
 *(.noinit .noinit.*)
                0x200001a8                . = ALIGN (0x4)
                0x200001a8                _end_noinit = .
                [!provide]                PROVIDE (end, _end_noinit)
                [!provide]                PROVIDE (_end, _end_noinit)
                [!provide]                PROVIDE (__end, _end_noinit)
                [!provide]                PROVIDE (__end__, _end_noinit)

._check_stack   0x200001a8      0x100
                0x200002a8                . = (. + _Minimum_Stack_Size)
 *fill*         0x200001a8      0x100 

.b1text
 *(.b1text)
 *(.b1rodata)
 *(.b1rodata.*)

.eb0text
 *(.eb0text)
 *(.eb0rodata)
 *(.eb0rodata.*)

.eb1text
 *(.eb1text)
 *(.eb1rodata)
 *(.eb1rodata.*)

.eb2text
 *(.eb2text)
 *(.eb2rodata)
 *(.eb2rodata.*)

.eb3text
 *(.eb3text)
 *(.eb3rodata)
 *(.eb3rodata.*)

.stab
 *(.stab)

.stabstr
 *(.stabstr)

.stab.excl
 *(.stab.excl)

.stab.exclstr
 *(.stab.exclstr)

.stab.index
 *(.stab.index)

.stab.indexstr
 *(.stab.indexstr)

.comment        0x00000000       0x7e
 *(.comment)
 .comment       0x00000000       0x7e ./system/src/stm32f1xx/stm32f1xx_hal.o
                                 0x7f (size before relaxing)
 .comment       0x0000007e       0x7f ./system/src/stm32f1xx/stm32f1xx_hal_cortex.o
 .comment       0x0000007e       0x7f ./system/src/stm32f1xx/stm32f1xx_hal_gpio.o
 .comment       0x0000007e       0x7f ./system/src/stm32f1xx/stm32f1xx_hal_rcc.o
 .comment       0x0000007e       0x7f ./system/src/stm32f1xx/stm32f1xx_hal_tim.o
 .comment       0x0000007e       0x7f ./system/src/stm32f1xx/stm32f1xx_hal_tim_ex.o
 .comment       0x0000007e       0x7f ./system/src/newlib/_exit.o
 .comment       0x0000007e       0x7f ./system/src/newlib/_sbrk.o
 .comment       0x0000007e       0x7f ./system/src/newlib/_startup.o
 .comment       0x0000007e       0x7f ./system/src/newlib/_syscalls.o
 .comment       0x0000007e       0x7f ./system/src/diag/Trace.o
 .comment       0x0000007e       0x7f ./system/src/diag/trace_impl.o
 .comment       0x0000007e       0x7f ./system/src/cortexm/_initialize_hardware.o
 .comment       0x0000007e       0x7f ./system/src/cortexm/exception_handlers.o
 .comment       0x0000007e       0x7f ./system/src/cmsis/system_stm32f1xx.o
 .comment       0x0000007e       0x7f ./src/main.o
 .comment       0x0000007e       0x7f ./src/stm32f1xx_hal_msp.o
 .comment       0x0000007e       0x7f ./src/stm32f1xx_it.o

.ARM.attributes
                0x00000000       0x31
 .ARM.attributes
                0x00000000       0x33 ./system/src/stm32f1xx/stm32f1xx_hal.o
 .ARM.attributes
                0x00000033       0x33 ./system/src/stm32f1xx/stm32f1xx_hal_cortex.o
 .ARM.attributes
                0x00000066       0x33 ./system/src/stm32f1xx/stm32f1xx_hal_gpio.o
 .ARM.attributes
                0x00000099       0x33 ./system/src/stm32f1xx/stm32f1xx_hal_rcc.o
 .ARM.attributes
                0x000000cc       0x33 ./system/src/stm32f1xx/stm32f1xx_hal_tim.o
 .ARM.attributes
                0x000000ff       0x33 ./system/src/stm32f1xx/stm32f1xx_hal_tim_ex.o
 .ARM.attributes
                0x00000132       0x33 ./system/src/newlib/_exit.o
 .ARM.attributes
                0x00000165       0x33 ./system/src/newlib/_sbrk.o
 .ARM.attributes
                0x00000198       0x33 ./system/src/newlib/_startup.o
 .ARM.attributes
                0x000001cb       0x33 ./system/src/newlib/_syscalls.o
 .ARM.attributes
                0x000001fe       0x33 ./system/src/diag/Trace.o
 .ARM.attributes
                0x00000231       0x33 ./system/src/diag/trace_impl.o
 .ARM.attributes
                0x00000264       0x33 ./system/src/cortexm/_initialize_hardware.o
 .ARM.attributes
                0x00000297       0x33 ./system/src/cortexm/exception_handlers.o
 .ARM.attributes
                0x000002ca       0x21 ./system/src/cmsis/startup_stm32f103xb.o
 .ARM.attributes
                0x000002eb       0x33 ./system/src/cmsis/system_stm32f1xx.o
 .ARM.attributes
                0x0000031e       0x33 ./src/main.o
 .ARM.attributes
                0x00000351       0x33 ./src/stm32f1xx_hal_msp.o
 .ARM.attributes
                0x00000384       0x33 ./src/stm32f1xx_it.o
 .ARM.attributes
                0x000003b7       0x2d c:/stm32toolchain/gcc-arm/bin/../lib/gcc/arm-none-eabi/7.2.1/../../../../arm-none-eabi/lib/thumb/v7-m\libg_nano.a(lib_a-errno.o)
 .ARM.attributes
                0x000003e4       0x2d c:/stm32toolchain/gcc-arm/bin/../lib/gcc/arm-none-eabi/7.2.1/../../../../arm-none-eabi/lib/thumb/v7-m\libg_nano.a(lib_a-impure.o)
 .ARM.attributes
                0x00000411       0x2d c:/stm32toolchain/gcc-arm/bin/../lib/gcc/arm-none-eabi/7.2.1/../../../../arm-none-eabi/lib/thumb/v7-m\libg_nano.a(lib_a-memcpy-stub.o)
 .ARM.attributes
                0x0000043e       0x2d c:/stm32toolchain/gcc-arm/bin/../lib/gcc/arm-none-eabi/7.2.1/../../../../arm-none-eabi/lib/thumb/v7-m\libg_nano.a(lib_a-vsnprintf.o)
 .ARM.attributes
                0x0000046b       0x2d c:/stm32toolchain/gcc-arm/bin/../lib/gcc/arm-none-eabi/7.2.1/../../../../arm-none-eabi/lib/thumb/v7-m\libg_nano.a(lib_a-nano-svfprintf.o)
 .ARM.attributes
                0x00000498       0x2d c:/stm32toolchain/gcc-arm/bin/../lib/gcc/arm-none-eabi/7.2.1/../../../../arm-none-eabi/lib/thumb/v7-m\libg_nano.a(lib_a-nano-vfprintf_i.o)
 .ARM.attributes
                0x000004c5       0x2d c:/stm32toolchain/gcc-arm/bin/../lib/gcc/arm-none-eabi/7.2.1/../../../../arm-none-eabi/lib/thumb/v7-m\libg_nano.a(lib_a-memchr-stub.o)
 .ARM.attributes
                0x000004f2       0x2d c:/stm32toolchain/gcc-arm/bin/../lib/gcc/arm-none-eabi/7.2.1/../../../../arm-none-eabi/lib/thumb/v7-m\libg_nano.a(lib_a-memmove.o)
 .ARM.attributes
                0x0000051f       0x2d c:/stm32toolchain/gcc-arm/bin/../lib/gcc/arm-none-eabi/7.2.1/../../../../arm-none-eabi/lib/thumb/v7-m\libg_nano.a(lib_a-nano-freer.o)
 .ARM.attributes
                0x0000054c       0x2d c:/stm32toolchain/gcc-arm/bin/../lib/gcc/arm-none-eabi/7.2.1/../../../../arm-none-eabi/lib/thumb/v7-m\libg_nano.a(lib_a-nano-mallocr.o)
 .ARM.attributes
                0x00000579       0x2d c:/stm32toolchain/gcc-arm/bin/../lib/gcc/arm-none-eabi/7.2.1/../../../../arm-none-eabi/lib/thumb/v7-m\libg_nano.a(lib_a-nano-reallocr.o)
 .ARM.attributes
                0x000005a6       0x2d c:/stm32toolchain/gcc-arm/bin/../lib/gcc/arm-none-eabi/7.2.1/../../../../arm-none-eabi/lib/thumb/v7-m\libg_nano.a(lib_a-sbrkr.o)
 .ARM.attributes
                0x000005d3       0x2d c:/stm32toolchain/gcc-arm/bin/../lib/gcc/arm-none-eabi/7.2.1/../../../../arm-none-eabi/lib/thumb/v7-m\libg_nano.a(lib_a-mlock.o)
 .ARM.attributes
                0x00000600       0x2d c:/stm32toolchain/gcc-arm/bin/../lib/gcc/arm-none-eabi/7.2.1/../../../../arm-none-eabi/lib/thumb/v7-m\libg_nano.a(lib_a-nano-msizer.o)

.debug
 *(.debug)

.line
 *(.line)

.debug_srcinfo
 *(.debug_srcinfo)

.debug_sfnames
 *(.debug_sfnames)

.debug_aranges  0x00000000      0x9d8
 *(.debug_aranges)
 .debug_aranges
                0x00000000       0xd0 ./system/src/stm32f1xx/stm32f1xx_hal.o
 .debug_aranges
                0x000000d0       0x90 ./system/src/stm32f1xx/stm32f1xx_hal_cortex.o
 .debug_aranges
                0x00000160       0x58 ./system/src/stm32f1xx/stm32f1xx_hal_gpio.o
 .debug_aranges
                0x000001b8       0x90 ./system/src/stm32f1xx/stm32f1xx_hal_rcc.o
 .debug_aranges
                0x00000248      0x368 ./system/src/stm32f1xx/stm32f1xx_hal_tim.o
 .debug_aranges
                0x000005b0      0x138 ./system/src/stm32f1xx/stm32f1xx_hal_tim_ex.o
 .debug_aranges
                0x000006e8       0x28 ./system/src/newlib/_exit.o
 .debug_aranges
                0x00000710       0x20 ./system/src/newlib/_sbrk.o
 .debug_aranges
                0x00000730       0x40 ./system/src/newlib/_startup.o
 .debug_aranges
                0x00000770       0x30 ./system/src/newlib/_syscalls.o
 .debug_aranges
                0x000007a0       0x38 ./system/src/diag/Trace.o
 .debug_aranges
                0x000007d8       0x30 ./system/src/diag/trace_impl.o
 .debug_aranges
                0x00000808       0x28 ./system/src/cortexm/_initialize_hardware.o
 .debug_aranges
                0x00000830       0x90 ./system/src/cortexm/exception_handlers.o
 .debug_aranges
                0x000008c0       0x28 ./system/src/cmsis/startup_stm32f103xb.o
 .debug_aranges
                0x000008e8       0x28 ./system/src/cmsis/system_stm32f1xx.o
 .debug_aranges
                0x00000910       0x68 ./src/main.o
 .debug_aranges
                0x00000978       0x38 ./src/stm32f1xx_hal_msp.o
 .debug_aranges
                0x000009b0       0x28 ./src/stm32f1xx_it.o

.debug_pubnames
 *(.debug_pubnames)

.debug_info     0x00000000    0x1161f
 *(.debug_info .gnu.linkonce.wi.*)
 .debug_info    0x00000000      0xf85 ./system/src/stm32f1xx/stm32f1xx_hal.o
 .debug_info    0x00000f85     0x1454 ./system/src/stm32f1xx/stm32f1xx_hal_cortex.o
 .debug_info    0x000023d9      0xe5b ./system/src/stm32f1xx/stm32f1xx_hal_gpio.o
 .debug_info    0x00003234     0x11c3 ./system/src/stm32f1xx/stm32f1xx_hal_rcc.o
 .debug_info    0x000043f7     0x3634 ./system/src/stm32f1xx/stm32f1xx_hal_tim.o
 .debug_info    0x00007a2b     0x1a7c ./system/src/stm32f1xx/stm32f1xx_hal_tim_ex.o
 .debug_info    0x000094a7      0x956 ./system/src/newlib/_exit.o
 .debug_info    0x00009dfd      0x942 ./system/src/newlib/_sbrk.o
 .debug_info    0x0000a73f      0x42e ./system/src/newlib/_startup.o
 .debug_info    0x0000ab6d      0xa19 ./system/src/newlib/_syscalls.o
 .debug_info    0x0000b586      0xb2a ./system/src/diag/Trace.o
 .debug_info    0x0000c0b0      0x3b3 ./system/src/diag/trace_impl.o
 .debug_info    0x0000c463      0x2fa ./system/src/cortexm/_initialize_hardware.o
 .debug_info    0x0000c75d     0x1185 ./system/src/cortexm/exception_handlers.o
 .debug_info    0x0000d8e2       0x22 ./system/src/cmsis/startup_stm32f103xb.o
 .debug_info    0x0000d904      0x3cb ./system/src/cmsis/system_stm32f1xx.o
 .debug_info    0x0000dccf     0x1cf6 ./src/main.o
 .debug_info    0x0000f9c5     0x12c2 ./src/stm32f1xx_hal_msp.o
 .debug_info    0x00010c87      0x998 ./src/stm32f1xx_it.o

.debug_abbrev   0x00000000     0x2bb7
 *(.debug_abbrev)
 .debug_abbrev  0x00000000      0x2f4 ./system/src/stm32f1xx/stm32f1xx_hal.o
 .debug_abbrev  0x000002f4      0x3cd ./system/src/stm32f1xx/stm32f1xx_hal_cortex.o
 .debug_abbrev  0x000006c1      0x2a7 ./system/src/stm32f1xx/stm32f1xx_hal_gpio.o
 .debug_abbrev  0x00000968      0x335 ./system/src/stm32f1xx/stm32f1xx_hal_rcc.o
 .debug_abbrev  0x00000c9d      0x2ef ./system/src/stm32f1xx/stm32f1xx_hal_tim.o
 .debug_abbrev  0x00000f8c      0x2e0 ./system/src/stm32f1xx/stm32f1xx_hal_tim_ex.o
 .debug_abbrev  0x0000126c      0x1f3 ./system/src/newlib/_exit.o
 .debug_abbrev  0x0000145f      0x1fc ./system/src/newlib/_sbrk.o
 .debug_abbrev  0x0000165b      0x1b3 ./system/src/newlib/_startup.o
 .debug_abbrev  0x0000180e      0x234 ./system/src/newlib/_syscalls.o
 .debug_abbrev  0x00001a42      0x276 ./system/src/diag/Trace.o
 .debug_abbrev  0x00001cb8      0x1e2 ./system/src/diag/trace_impl.o
 .debug_abbrev  0x00001e9a       0xea ./system/src/cortexm/_initialize_hardware.o
 .debug_abbrev  0x00001f84      0x32b ./system/src/cortexm/exception_handlers.o
 .debug_abbrev  0x000022af       0x12 ./system/src/cmsis/startup_stm32f103xb.o
 .debug_abbrev  0x000022c1      0x134 ./system/src/cmsis/system_stm32f1xx.o
 .debug_abbrev  0x000023f5      0x34e ./src/main.o
 .debug_abbrev  0x00002743      0x27d ./src/stm32f1xx_hal_msp.o
 .debug_abbrev  0x000029c0      0x1f7 ./src/stm32f1xx_it.o

.debug_line     0x00000000     0x67cb
 *(.debug_line)
 .debug_line    0x00000000      0x6ae ./system/src/stm32f1xx/stm32f1xx_hal.o
 .debug_line    0x000006ae      0x6c6 ./system/src/stm32f1xx/stm32f1xx_hal_cortex.o
 .debug_line    0x00000d74      0x6ab ./system/src/stm32f1xx/stm32f1xx_hal_gpio.o
 .debug_line    0x0000141f      0x7c8 ./system/src/stm32f1xx/stm32f1xx_hal_rcc.o
 .debug_line    0x00001be7     0x14c3 ./system/src/stm32f1xx/stm32f1xx_hal_tim.o
 .debug_line    0x000030aa      0xa7d ./system/src/stm32f1xx/stm32f1xx_hal_tim_ex.o
 .debug_line    0x00003b27      0x2df ./system/src/newlib/_exit.o
 .debug_line    0x00003e06      0x293 ./system/src/newlib/_sbrk.o
 .debug_line    0x00004099      0x34d ./system/src/newlib/_startup.o
 .debug_line    0x000043e6      0x38d ./system/src/newlib/_syscalls.o
 .debug_line    0x00004773      0x35b ./system/src/diag/Trace.o
 .debug_line    0x00004ace      0x3fc ./system/src/diag/trace_impl.o
 .debug_line    0x00004eca      0x18c ./system/src/cortexm/_initialize_hardware.o
 .debug_line    0x00005056      0x4be ./system/src/cortexm/exception_handlers.o
 .debug_line    0x00005514       0x86 ./system/src/cmsis/startup_stm32f103xb.o
 .debug_line    0x0000559a      0x19f ./system/src/cmsis/system_stm32f1xx.o
 .debug_line    0x00005739      0x630 ./src/main.o
 .debug_line    0x00005d69      0x54a ./src/stm32f1xx_hal_msp.o
 .debug_line    0x000062b3      0x518 ./src/stm32f1xx_it.o

.debug_frame    0x00000000     0x1b20
 *(.debug_frame)
 .debug_frame   0x00000000      0x1ac ./system/src/stm32f1xx/stm32f1xx_hal.o
 .debug_frame   0x000001ac      0x12c ./system/src/stm32f1xx/stm32f1xx_hal_cortex.o
 .debug_frame   0x000002d8       0xd4 ./system/src/stm32f1xx/stm32f1xx_hal_gpio.o
 .debug_frame   0x000003ac      0x174 ./system/src/stm32f1xx/stm32f1xx_hal_rcc.o
 .debug_frame   0x00000520      0x9e0 ./system/src/stm32f1xx/stm32f1xx_hal_tim.o
 .debug_frame   0x00000f00      0x374 ./system/src/stm32f1xx/stm32f1xx_hal_tim_ex.o
 .debug_frame   0x00001274       0x38 ./system/src/newlib/_exit.o
 .debug_frame   0x000012ac       0x28 ./system/src/newlib/_sbrk.o
 .debug_frame   0x000012d4       0x7c ./system/src/newlib/_startup.o
 .debug_frame   0x00001350       0x50 ./system/src/newlib/_syscalls.o
 .debug_frame   0x000013a0       0x94 ./system/src/diag/Trace.o
 .debug_frame   0x00001434       0x64 ./system/src/diag/trace_impl.o
 .debug_frame   0x00001498       0x40 ./system/src/cortexm/_initialize_hardware.o
 .debug_frame   0x000014d8      0x158 ./system/src/cortexm/exception_handlers.o
 .debug_frame   0x00001630       0x30 ./system/src/cmsis/system_stm32f1xx.o
 .debug_frame   0x00001660      0x11c ./src/main.o
 .debug_frame   0x0000177c       0x74 ./src/stm32f1xx_hal_msp.o
 .debug_frame   0x000017f0       0x40 ./src/stm32f1xx_it.o
 .debug_frame   0x00001830       0x20 c:/stm32toolchain/gcc-arm/bin/../lib/gcc/arm-none-eabi/7.2.1/../../../../arm-none-eabi/lib/thumb/v7-m\libg_nano.a(lib_a-errno.o)
 .debug_frame   0x00001850       0x28 c:/stm32toolchain/gcc-arm/bin/../lib/gcc/arm-none-eabi/7.2.1/../../../../arm-none-eabi/lib/thumb/v7-m\libg_nano.a(lib_a-memcpy-stub.o)
 .debug_frame   0x00001878       0x4c c:/stm32toolchain/gcc-arm/bin/../lib/gcc/arm-none-eabi/7.2.1/../../../../arm-none-eabi/lib/thumb/v7-m\libg_nano.a(lib_a-vsnprintf.o)
 .debug_frame   0x000018c4       0x90 c:/stm32toolchain/gcc-arm/bin/../lib/gcc/arm-none-eabi/7.2.1/../../../../arm-none-eabi/lib/thumb/v7-m\libg_nano.a(lib_a-nano-svfprintf.o)
 .debug_frame   0x00001954       0x60 c:/stm32toolchain/gcc-arm/bin/../lib/gcc/arm-none-eabi/7.2.1/../../../../arm-none-eabi/lib/thumb/v7-m\libg_nano.a(lib_a-nano-vfprintf_i.o)
 .debug_frame   0x000019b4       0x28 c:/stm32toolchain/gcc-arm/bin/../lib/gcc/arm-none-eabi/7.2.1/../../../../arm-none-eabi/lib/thumb/v7-m\libg_nano.a(lib_a-memchr-stub.o)
 .debug_frame   0x000019dc       0x28 c:/stm32toolchain/gcc-arm/bin/../lib/gcc/arm-none-eabi/7.2.1/../../../../arm-none-eabi/lib/thumb/v7-m\libg_nano.a(lib_a-memmove.o)
 .debug_frame   0x00001a04       0x38 c:/stm32toolchain/gcc-arm/bin/../lib/gcc/arm-none-eabi/7.2.1/../../../../arm-none-eabi/lib/thumb/v7-m\libg_nano.a(lib_a-nano-freer.o)
 .debug_frame   0x00001a3c       0x2c c:/stm32toolchain/gcc-arm/bin/../lib/gcc/arm-none-eabi/7.2.1/../../../../arm-none-eabi/lib/thumb/v7-m\libg_nano.a(lib_a-nano-mallocr.o)
 .debug_frame   0x00001a68       0x3c c:/stm32toolchain/gcc-arm/bin/../lib/gcc/arm-none-eabi/7.2.1/../../../../arm-none-eabi/lib/thumb/v7-m\libg_nano.a(lib_a-nano-reallocr.o)
 .debug_frame   0x00001aa4       0x2c c:/stm32toolchain/gcc-arm/bin/../lib/gcc/arm-none-eabi/7.2.1/../../../../arm-none-eabi/lib/thumb/v7-m\libg_nano.a(lib_a-sbrkr.o)
 .debug_frame   0x00001ad0       0x30 c:/stm32toolchain/gcc-arm/bin/../lib/gcc/arm-none-eabi/7.2.1/../../../../arm-none-eabi/lib/thumb/v7-m\libg_nano.a(lib_a-mlock.o)
 .debug_frame   0x00001b00       0x20 c:/stm32toolchain/gcc-arm/bin/../lib/gcc/arm-none-eabi/7.2.1/../../../../arm-none-eabi/lib/thumb/v7-m\libg_nano.a(lib_a-nano-msizer.o)

.debug_str      0x00000000    0x7253d
 *(.debug_str)
 .debug_str     0x00000000    0x6d534 ./system/src/stm32f1xx/stm32f1xx_hal.o
                              0x6d942 (size before relaxing)
 .debug_str     0x0006d534      0x2d5 ./system/src/stm32f1xx/stm32f1xx_hal_cortex.o
                              0x6d897 (size before relaxing)
 .debug_str     0x0006d809      0x3a2 ./system/src/stm32f1xx/stm32f1xx_hal_gpio.o
                              0x6d5d3 (size before relaxing)
 .debug_str     0x0006dbab      0x35c ./system/src/stm32f1xx/stm32f1xx_hal_rcc.o
                              0x6d628 (size before relaxing)
 .debug_str     0x0006df07     0x10d7 ./system/src/stm32f1xx/stm32f1xx_hal_tim.o
                              0x6e328 (size before relaxing)
 .debug_str     0x0006efde      0x4e5 ./system/src/stm32f1xx/stm32f1xx_hal_tim_ex.o
                              0x6dbca (size before relaxing)
 .debug_str     0x0006f4c3     0x10ff ./system/src/newlib/_exit.o
                               0x7e9c (size before relaxing)
 .debug_str     0x000705c2      0x4f5 ./system/src/newlib/_sbrk.o
                               0x724e (size before relaxing)
 .debug_str     0x00070ab7      0x260 ./system/src/newlib/_startup.o
                               0x6989 (size before relaxing)
 .debug_str     0x00070d17      0xe8b ./system/src/newlib/_syscalls.o
                               0x8129 (size before relaxing)
 .debug_str     0x00071ba2      0x183 ./system/src/diag/Trace.o
                               0x8614 (size before relaxing)
 .debug_str     0x00071d25      0x36d ./system/src/diag/trace_impl.o
                              0x59826 (size before relaxing)
 .debug_str     0x00072092       0x5e ./system/src/cortexm/_initialize_hardware.o
                              0x5560f (size before relaxing)
 .debug_str     0x000720f0      0x19d ./system/src/cortexm/exception_handlers.o
                              0x5aa43 (size before relaxing)
 .debug_str     0x0007228d       0x39 ./system/src/cmsis/startup_stm32f103xb.o
                                 0x63 (size before relaxing)
 .debug_str     0x000722c6       0x7b ./system/src/cmsis/system_stm32f1xx.o
                              0x55655 (size before relaxing)
 .debug_str     0x00072341      0x19a ./src/main.o
                              0x6de34 (size before relaxing)
 .debug_str     0x000724db       0x25 ./src/stm32f1xx_hal_msp.o
                              0x6d986 (size before relaxing)
 .debug_str     0x00072500       0x3d ./src/stm32f1xx_it.o
                              0x6d21b (size before relaxing)

.debug_loc      0x00000000     0x60b4
 *(.debug_loc)
 .debug_loc     0x00000000       0xfd ./system/src/stm32f1xx/stm32f1xx_hal.o
 .debug_loc     0x000000fd      0x5ad ./system/src/stm32f1xx/stm32f1xx_hal_cortex.o
 .debug_loc     0x000006aa      0x44e ./system/src/stm32f1xx/stm32f1xx_hal_gpio.o
 .debug_loc     0x00000af8      0x4f6 ./system/src/stm32f1xx/stm32f1xx_hal_rcc.o
 .debug_loc     0x00000fee     0x367a ./system/src/stm32f1xx/stm32f1xx_hal_tim.o
 .debug_loc     0x00004668      0xf9e ./system/src/stm32f1xx/stm32f1xx_hal_tim_ex.o
 .debug_loc     0x00005606       0x85 ./system/src/newlib/_sbrk.o
 .debug_loc     0x0000568b      0x1a9 ./system/src/newlib/_startup.o
 .debug_loc     0x00005834       0x63 ./system/src/newlib/_syscalls.o
 .debug_loc     0x00005897       0xf6 ./system/src/diag/Trace.o
 .debug_loc     0x0000598d      0x121 ./system/src/diag/trace_impl.o
 .debug_loc     0x00005aae      0x291 ./system/src/cortexm/exception_handlers.o
 .debug_loc     0x00005d3f       0xdf ./system/src/cmsis/system_stm32f1xx.o
 .debug_loc     0x00005e1e      0x275 ./src/main.o
 .debug_loc     0x00006093       0x21 ./src/stm32f1xx_hal_msp.o

.debug_macinfo
 *(.debug_macinfo)

.debug_weaknames
 *(.debug_weaknames)

.debug_funcnames
 *(.debug_funcnames)

.debug_typenames
 *(.debug_typenames)

.debug_varnames
 *(.debug_varnames)
OUTPUT(PWM_test.elf elf32-littlearm)

.debug_ranges   0x00000000      0x9a8
 .debug_ranges  0x00000000       0xc0 ./system/src/stm32f1xx/stm32f1xx_hal.o
 .debug_ranges  0x000000c0       0xe0 ./system/src/stm32f1xx/stm32f1xx_hal_cortex.o
 .debug_ranges  0x000001a0       0x48 ./system/src/stm32f1xx/stm32f1xx_hal_gpio.o
 .debug_ranges  0x000001e8       0xa0 ./system/src/stm32f1xx/stm32f1xx_hal_rcc.o
 .debug_ranges  0x00000288      0x358 ./system/src/stm32f1xx/stm32f1xx_hal_tim.o
 .debug_ranges  0x000005e0      0x128 ./system/src/stm32f1xx/stm32f1xx_hal_tim_ex.o
 .debug_ranges  0x00000708       0x18 ./system/src/newlib/_exit.o
 .debug_ranges  0x00000720       0x10 ./system/src/newlib/_sbrk.o
 .debug_ranges  0x00000730       0x78 ./system/src/newlib/_startup.o
 .debug_ranges  0x000007a8       0x20 ./system/src/newlib/_syscalls.o
 .debug_ranges  0x000007c8       0x28 ./system/src/diag/Trace.o
 .debug_ranges  0x000007f0       0x50 ./system/src/diag/trace_impl.o
 .debug_ranges  0x00000840       0x18 ./system/src/cortexm/_initialize_hardware.o
 .debug_ranges  0x00000858       0x80 ./system/src/cortexm/exception_handlers.o
 .debug_ranges  0x000008d8       0x20 ./system/src/cmsis/startup_stm32f103xb.o
 .debug_ranges  0x000008f8       0x18 ./system/src/cmsis/system_stm32f1xx.o
 .debug_ranges  0x00000910       0x58 ./src/main.o
 .debug_ranges  0x00000968       0x28 ./src/stm32f1xx_hal_msp.o
 .debug_ranges  0x00000990       0x18 ./src/stm32f1xx_it.o

.debug_macro    0x00000000    0x164ab
 .debug_macro   0x00000000      0x2f3 ./system/src/stm32f1xx/stm32f1xx_hal.o
 .debug_macro   0x000002f3      0xa5a ./system/src/stm32f1xx/stm32f1xx_hal.o
 .debug_macro   0x00000d4d       0x6a ./system/src/stm32f1xx/stm32f1xx_hal.o
 .debug_macro   0x00000db7      0x163 ./system/src/stm32f1xx/stm32f1xx_hal.o
 .debug_macro   0x00000f1a       0x2e ./system/src/stm32f1xx/stm32f1xx_hal.o
 .debug_macro   0x00000f48       0x22 ./system/src/stm32f1xx/stm32f1xx_hal.o
 .debug_macro   0x00000f6a      0x34e ./system/src/stm32f1xx/stm32f1xx_hal.o
 .debug_macro   0x000012b8       0x34 ./system/src/stm32f1xx/stm32f1xx_hal.o
 .debug_macro   0x000012ec       0x34 ./system/src/stm32f1xx/stm32f1xx_hal.o
 .debug_macro   0x00001320      0xb8e ./system/src/stm32f1xx/stm32f1xx_hal.o
 .debug_macro   0x00001eae     0xe90a ./system/src/stm32f1xx/stm32f1xx_hal.o
 .debug_macro   0x000107b8       0x43 ./system/src/stm32f1xx/stm32f1xx_hal.o
 .debug_macro   0x000107fb       0x22 ./system/src/stm32f1xx/stm32f1xx_hal.o
 .debug_macro   0x0001081d       0x52 ./system/src/stm32f1xx/stm32f1xx_hal.o
 .debug_macro   0x0001086f       0x17 ./system/src/stm32f1xx/stm32f1xx_hal.o
 .debug_macro   0x00010886       0x8d ./system/src/stm32f1xx/stm32f1xx_hal.o
 .debug_macro   0x00010913       0x35 ./system/src/stm32f1xx/stm32f1xx_hal.o
 .debug_macro   0x00010948       0x9c ./system/src/stm32f1xx/stm32f1xx_hal.o
 .debug_macro   0x000109e4       0x16 ./system/src/stm32f1xx/stm32f1xx_hal.o
 .debug_macro   0x000109fa       0x57 ./system/src/stm32f1xx/stm32f1xx_hal.o
 .debug_macro   0x00010a51       0x97 ./system/src/stm32f1xx/stm32f1xx_hal.o
 .debug_macro   0x00010ae8      0x330 ./system/src/stm32f1xx/stm32f1xx_hal.o
 .debug_macro   0x00010e18       0xfd ./system/src/stm32f1xx/stm32f1xx_hal.o
 .debug_macro   0x00010f15       0x10 ./system/src/stm32f1xx/stm32f1xx_hal.o
 .debug_macro   0x00010f25       0x58 ./system/src/stm32f1xx/stm32f1xx_hal.o
 .debug_macro   0x00010f7d       0x1f ./system/src/stm32f1xx/stm32f1xx_hal.o
 .debug_macro   0x00010f9c       0x43 ./system/src/stm32f1xx/stm32f1xx_hal.o
 .debug_macro   0x00010fdf       0x20 ./system/src/stm32f1xx/stm32f1xx_hal.o
 .debug_macro   0x00010fff      0x18e ./system/src/stm32f1xx/stm32f1xx_hal.o
 .debug_macro   0x0001118d       0x10 ./system/src/stm32f1xx/stm32f1xx_hal.o
 .debug_macro   0x0001119d       0x6a ./system/src/stm32f1xx/stm32f1xx_hal.o
 .debug_macro   0x00011207       0x1c ./system/src/stm32f1xx/stm32f1xx_hal.o
 .debug_macro   0x00011223       0x52 ./system/src/stm32f1xx/stm32f1xx_hal.o
 .debug_macro   0x00011275       0x40 ./system/src/stm32f1xx/stm32f1xx_hal.o
 .debug_macro   0x000112b5       0x10 ./system/src/stm32f1xx/stm32f1xx_hal.o
 .debug_macro   0x000112c5       0x40 ./system/src/stm32f1xx/stm32f1xx_hal.o
 .debug_macro   0x00011305       0xd7 ./system/src/stm32f1xx/stm32f1xx_hal.o
 .debug_macro   0x000113dc       0x1c ./system/src/stm32f1xx/stm32f1xx_hal.o
 .debug_macro   0x000113f8       0x3d ./system/src/stm32f1xx/stm32f1xx_hal.o
 .debug_macro   0x00011435       0x16 ./system/src/stm32f1xx/stm32f1xx_hal.o
 .debug_macro   0x0001144b      0x16f ./system/src/stm32f1xx/stm32f1xx_hal.o
 .debug_macro   0x000115ba       0x57 ./system/src/stm32f1xx/stm32f1xx_hal.o
 .debug_macro   0x00011611      0x5c2 ./system/src/stm32f1xx/stm32f1xx_hal.o
 .debug_macro   0x00011bd3      0x28a ./system/src/stm32f1xx/stm32f1xx_hal.o
 .debug_macro   0x00011e5d      0x1cb ./system/src/stm32f1xx/stm32f1xx_hal.o
 .debug_macro   0x00012028      0x11e ./system/src/stm32f1xx/stm32f1xx_hal.o
 .debug_macro   0x00012146      0x1b3 ./system/src/stm32f1xx/stm32f1xx_hal.o
 .debug_macro   0x000122f9       0x27 ./system/src/stm32f1xx/stm32f1xx_hal.o
 .debug_macro   0x00012320      0x1bc ./system/src/stm32f1xx/stm32f1xx_hal.o
 .debug_macro   0x000124dc       0x34 ./system/src/stm32f1xx/stm32f1xx_hal.o
 .debug_macro   0x00012510       0x3c ./system/src/stm32f1xx/stm32f1xx_hal.o
 .debug_macro   0x0001254c       0x57 ./system/src/stm32f1xx/stm32f1xx_hal.o
 .debug_macro   0x000125a3       0x8c ./system/src/stm32f1xx/stm32f1xx_hal.o
 .debug_macro   0x0001262f      0x242 ./system/src/stm32f1xx/stm32f1xx_hal.o
 .debug_macro   0x00012871      0x143 ./system/src/stm32f1xx/stm32f1xx_hal.o
 .debug_macro   0x000129b4      0x84c ./system/src/stm32f1xx/stm32f1xx_hal.o
 .debug_macro   0x00013200       0x1f ./system/src/stm32f1xx/stm32f1xx_hal.o
 .debug_macro   0x0001321f       0x83 ./system/src/stm32f1xx/stm32f1xx_hal.o
 .debug_macro   0x000132a2      0x2cf ./system/src/stm32f1xx/stm32f1xx_hal_cortex.o
 .debug_macro   0x00013571      0x33f ./system/src/stm32f1xx/stm32f1xx_hal_gpio.o
 .debug_macro   0x000138b0      0x2e1 ./system/src/stm32f1xx/stm32f1xx_hal_rcc.o
 .debug_macro   0x00013b91      0x2cf ./system/src/stm32f1xx/stm32f1xx_hal_tim.o
 .debug_macro   0x00013e60      0x2cf ./system/src/stm32f1xx/stm32f1xx_hal_tim_ex.o
 .debug_macro   0x0001412f      0x1b4 ./system/src/newlib/_exit.o
 .debug_macro   0x000142e3      0x10e ./system/src/newlib/_exit.o
 .debug_macro   0x000143f1       0x8d ./system/src/newlib/_exit.o
 .debug_macro   0x0001447e       0x35 ./system/src/newlib/_exit.o
 .debug_macro   0x000144b3      0x169 ./system/src/newlib/_sbrk.o
 .debug_macro   0x0001461c      0x174 ./system/src/newlib/_sbrk.o
 .debug_macro   0x00014790       0x10 ./system/src/newlib/_sbrk.o
 .debug_macro   0x000147a0      0x23b ./system/src/newlib/_sbrk.o
 .debug_macro   0x000149db      0x173 ./system/src/newlib/_startup.o
 .debug_macro   0x00014b4e      0x217 ./system/src/newlib/_syscalls.o
 .debug_macro   0x00014d65       0x1c ./system/src/newlib/_syscalls.o
 .debug_macro   0x00014d81       0x10 ./system/src/newlib/_syscalls.o
 .debug_macro   0x00014d91       0x10 ./system/src/newlib/_syscalls.o
 .debug_macro   0x00014da1       0x10 ./system/src/newlib/_syscalls.o
 .debug_macro   0x00014db1       0x35 ./system/src/newlib/_syscalls.o
 .debug_macro   0x00014de6      0x122 ./system/src/newlib/_syscalls.o
 .debug_macro   0x00014f08       0x88 ./system/src/newlib/_syscalls.o
 .debug_macro   0x00014f90       0x2b ./system/src/newlib/_syscalls.o
 .debug_macro   0x00014fbb      0x118 ./system/src/newlib/_syscalls.o
 .debug_macro   0x000150d3      0x189 ./system/src/newlib/_syscalls.o
 .debug_macro   0x0001525c       0x16 ./system/src/newlib/_syscalls.o
 .debug_macro   0x00015272      0x1fb ./system/src/diag/Trace.o
 .debug_macro   0x0001546d       0x4c ./system/src/diag/Trace.o
 .debug_macro   0x000154b9       0x16 ./system/src/diag/Trace.o
 .debug_macro   0x000154cf      0x1f9 ./system/src/diag/trace_impl.o
 .debug_macro   0x000156c8       0x10 ./system/src/diag/trace_impl.o
 .debug_macro   0x000156d8       0xcf ./system/src/diag/trace_impl.o
 .debug_macro   0x000157a7       0xbe ./system/src/diag/trace_impl.o
 .debug_macro   0x00015865       0x22 ./system/src/diag/trace_impl.o
 .debug_macro   0x00015887       0x8a ./system/src/cortexm/_initialize_hardware.o
 .debug_macro   0x00015911      0x243 ./system/src/cortexm/exception_handlers.o
 .debug_macro   0x00015b54       0x3a ./system/src/cortexm/exception_handlers.o
 .debug_macro   0x00015b8e       0x10 ./system/src/cortexm/exception_handlers.o
 .debug_macro   0x00015b9e       0x92 ./system/src/cmsis/system_stm32f1xx.o
 .debug_macro   0x00015c30      0x2d3 ./src/main.o
 .debug_macro   0x00015f03      0x2cf ./src/stm32f1xx_hal_msp.o
 .debug_macro   0x000161d2      0x2d9 ./src/stm32f1xx_it.o
