Archive member included to satisfy reference by file (symbol)

c:/stm32toolchain/gcc-arm/bin/../lib/gcc/arm-none-eabi/7.2.1/thumb/v7-m\libgcc.a(unwind-arm.o)
                              ./system/src/newlib/_cxx.o (__aeabi_unwind_cpp_pr1)
c:/stm32toolchain/gcc-arm/bin/../lib/gcc/arm-none-eabi/7.2.1/thumb/v7-m\libgcc.a(libunwind.o)
                              c:/stm32toolchain/gcc-arm/bin/../lib/gcc/arm-none-eabi/7.2.1/thumb/v7-m\libgcc.a(unwind-arm.o) (restore_core_regs)
c:/stm32toolchain/gcc-arm/bin/../lib/gcc/arm-none-eabi/7.2.1/thumb/v7-m\libgcc.a(pr-support.o)
                              c:/stm32toolchain/gcc-arm/bin/../lib/gcc/arm-none-eabi/7.2.1/thumb/v7-m\libgcc.a(unwind-arm.o) (__gnu_unwind_execute)
c:/stm32toolchain/gcc-arm/bin/../lib/gcc/arm-none-eabi/7.2.1/../../../../arm-none-eabi/lib/thumb/v7-m\libg_nano.a(lib_a-errno.o)
                              ./system/src/newlib/_sbrk.o (__errno)
c:/stm32toolchain/gcc-arm/bin/../lib/gcc/arm-none-eabi/7.2.1/../../../../arm-none-eabi/lib/thumb/v7-m\libg_nano.a(lib_a-impure.o)
                              c:/stm32toolchain/gcc-arm/bin/../lib/gcc/arm-none-eabi/7.2.1/../../../../arm-none-eabi/lib/thumb/v7-m\libg_nano.a(lib_a-errno.o) (_impure_ptr)
c:/stm32toolchain/gcc-arm/bin/../lib/gcc/arm-none-eabi/7.2.1/../../../../arm-none-eabi/lib/thumb/v7-m\libg_nano.a(lib_a-init.o)
                              ./system/src/cmsis/startup_stm32f103xb.o (__libc_init_array)
c:/stm32toolchain/gcc-arm/bin/../lib/gcc/arm-none-eabi/7.2.1/../../../../arm-none-eabi/lib/thumb/v7-m\libg_nano.a(lib_a-memcpy-stub.o)
                              c:/stm32toolchain/gcc-arm/bin/../lib/gcc/arm-none-eabi/7.2.1/thumb/v7-m\libgcc.a(unwind-arm.o) (memcpy)
c:/stm32toolchain/gcc-arm/bin/../lib/gcc/arm-none-eabi/7.2.1/../../../../arm-none-eabi/lib/thumb/v7-m\libg_nano.a(lib_a-strlen.o)
                              ./system/src/diag/Trace.o (strlen)
c:/stm32toolchain/gcc-arm/bin/../lib/gcc/arm-none-eabi/7.2.1/../../../../arm-none-eabi/lib/thumb/v7-m\libg_nano.a(lib_a-vsnprintf.o)
                              ./system/src/diag/Trace.o (vsnprintf)
c:/stm32toolchain/gcc-arm/bin/../lib/gcc/arm-none-eabi/7.2.1/../../../../arm-none-eabi/lib/thumb/v7-m\libg_nano.a(lib_a-nano-svfprintf.o)
                              c:/stm32toolchain/gcc-arm/bin/../lib/gcc/arm-none-eabi/7.2.1/../../../../arm-none-eabi/lib/thumb/v7-m\libg_nano.a(lib_a-vsnprintf.o) (_svfprintf_r)
c:/stm32toolchain/gcc-arm/bin/../lib/gcc/arm-none-eabi/7.2.1/../../../../arm-none-eabi/lib/thumb/v7-m\libg_nano.a(lib_a-nano-vfprintf_i.o)
                              c:/stm32toolchain/gcc-arm/bin/../lib/gcc/arm-none-eabi/7.2.1/../../../../arm-none-eabi/lib/thumb/v7-m\libg_nano.a(lib_a-nano-svfprintf.o) (_printf_i)
c:/stm32toolchain/gcc-arm/bin/../lib/gcc/arm-none-eabi/7.2.1/../../../../arm-none-eabi/lib/thumb/v7-m\libg_nano.a(lib_a-memchr-stub.o)
                              c:/stm32toolchain/gcc-arm/bin/../lib/gcc/arm-none-eabi/7.2.1/../../../../arm-none-eabi/lib/thumb/v7-m\libg_nano.a(lib_a-nano-svfprintf.o) (memchr)
c:/stm32toolchain/gcc-arm/bin/../lib/gcc/arm-none-eabi/7.2.1/../../../../arm-none-eabi/lib/thumb/v7-m\libg_nano.a(lib_a-memmove.o)
                              c:/stm32toolchain/gcc-arm/bin/../lib/gcc/arm-none-eabi/7.2.1/../../../../arm-none-eabi/lib/thumb/v7-m\libg_nano.a(lib_a-nano-svfprintf.o) (memmove)
c:/stm32toolchain/gcc-arm/bin/../lib/gcc/arm-none-eabi/7.2.1/../../../../arm-none-eabi/lib/thumb/v7-m\libg_nano.a(lib_a-nano-freer.o)
                              c:/stm32toolchain/gcc-arm/bin/../lib/gcc/arm-none-eabi/7.2.1/../../../../arm-none-eabi/lib/thumb/v7-m\libg_nano.a(lib_a-nano-svfprintf.o) (_free_r)
c:/stm32toolchain/gcc-arm/bin/../lib/gcc/arm-none-eabi/7.2.1/../../../../arm-none-eabi/lib/thumb/v7-m\libg_nano.a(lib_a-nano-mallocr.o)
                              c:/stm32toolchain/gcc-arm/bin/../lib/gcc/arm-none-eabi/7.2.1/../../../../arm-none-eabi/lib/thumb/v7-m\libg_nano.a(lib_a-nano-svfprintf.o) (_malloc_r)
c:/stm32toolchain/gcc-arm/bin/../lib/gcc/arm-none-eabi/7.2.1/../../../../arm-none-eabi/lib/thumb/v7-m\libg_nano.a(lib_a-nano-reallocr.o)
                              c:/stm32toolchain/gcc-arm/bin/../lib/gcc/arm-none-eabi/7.2.1/../../../../arm-none-eabi/lib/thumb/v7-m\libg_nano.a(lib_a-nano-svfprintf.o) (_realloc_r)
c:/stm32toolchain/gcc-arm/bin/../lib/gcc/arm-none-eabi/7.2.1/../../../../arm-none-eabi/lib/thumb/v7-m\libg_nano.a(lib_a-sbrkr.o)
                              c:/stm32toolchain/gcc-arm/bin/../lib/gcc/arm-none-eabi/7.2.1/../../../../arm-none-eabi/lib/thumb/v7-m\libg_nano.a(lib_a-nano-mallocr.o) (_sbrk_r)
c:/stm32toolchain/gcc-arm/bin/../lib/gcc/arm-none-eabi/7.2.1/../../../../arm-none-eabi/lib/thumb/v7-m\libg_nano.a(lib_a-mlock.o)
                              c:/stm32toolchain/gcc-arm/bin/../lib/gcc/arm-none-eabi/7.2.1/../../../../arm-none-eabi/lib/thumb/v7-m\libg_nano.a(lib_a-nano-freer.o) (__malloc_lock)
[...]
Memory Configuration

Name             Origin             Length             Attributes
FLASH            0x08000000         0x0001ec00         xr
RAM              0x20000000         0x00005000         xrw
PAT_1            0x0801ec00         0x00000400         rw
PAT_2            0x0801f000         0x00000400         rw
PAT_3            0x0801f400         0x00000400         rw
PAT_4            0x0801f800         0x00000400         rw
PAT_5            0x0801fc00         0x00000400         rw
CCMRAM           0x10000000         0x00000000         xrw
FLASHB1          0x00000000         0x00000000         xr
EXTMEMB0         0x00000000         0x00000000         xr
EXTMEMB1         0x00000000         0x00000000         xr
EXTMEMB2         0x00000000         0x00000000         xr
EXTMEMB3         0x00000000         0x00000000         xr
*default*        0x00000000         0xffffffff

Linker script and memory map

LOAD ./system/src/stm32f1xx/stm32f1xx_hal.o
LOAD ./system/src/stm32f1xx/stm32f1xx_hal_cortex.o
LOAD ./system/src/stm32f1xx/stm32f1xx_hal_dma.o
LOAD ./system/src/stm32f1xx/stm32f1xx_hal_flash.o
LOAD ./system/src/stm32f1xx/stm32f1xx_hal_flash_ex.o
LOAD ./system/src/stm32f1xx/stm32f1xx_hal_gpio.o
LOAD ./system/src/stm32f1xx/stm32f1xx_hal_gpio_ex.o
LOAD ./system/src/stm32f1xx/stm32f1xx_hal_pwr.o
LOAD ./system/src/stm32f1xx/stm32f1xx_hal_rcc.o
LOAD ./system/src/stm32f1xx/stm32f1xx_hal_rcc_ex.o
LOAD ./system/src/stm32f1xx/stm32f1xx_hal_tim.o
LOAD ./system/src/stm32f1xx/stm32f1xx_hal_tim_ex.o
LOAD ./system/src/newlib/_cxx.o
LOAD ./system/src/newlib/_exit.o
LOAD ./system/src/newlib/_sbrk.o
LOAD ./system/src/newlib/_startup.o
LOAD ./system/src/newlib/_syscalls.o
LOAD ./system/src/newlib/assert.o
LOAD ./system/src/diag/Trace.o
LOAD ./system/src/diag/trace_impl.o
LOAD ./system/src/cortexm/_initialize_hardware.o
LOAD ./system/src/cortexm/_reset_hardware.o
LOAD ./system/src/cortexm/exception_handlers.o
LOAD ./system/src/cmsis/startup_stm32f103xb.o
LOAD ./system/src/cmsis/system_stm32f1xx.o
LOAD ./src/main.o
LOAD ./src/stm32f1xx_hal_msp.o
LOAD ./src/stm32f1xx_it.o
LOAD c:/stm32toolchain/gcc-arm/bin/../lib/gcc/arm-none-eabi/7.2.1/../../../../arm-none-eabi/lib/thumb/v7-m\libstdc++_nano.a
LOAD c:/stm32toolchain/gcc-arm/bin/../lib/gcc/arm-none-eabi/7.2.1/../../../../arm-none-eabi/lib/thumb/v7-m\libm.a
START GROUP
LOAD c:/stm32toolchain/gcc-arm/bin/../lib/gcc/arm-none-eabi/7.2.1/thumb/v7-m\libgcc.a
LOAD c:/stm32toolchain/gcc-arm/bin/../lib/gcc/arm-none-eabi/7.2.1/../../../../arm-none-eabi/lib/thumb/v7-m\libg_nano.a
LOAD c:/stm32toolchain/gcc-arm/bin/../lib/gcc/arm-none-eabi/7.2.1/../../../../arm-none-eabi/lib/thumb/v7-m\libc_nano.a
END GROUP
START GROUP
LOAD c:/stm32toolchain/gcc-arm/bin/../lib/gcc/arm-none-eabi/7.2.1/thumb/v7-m\libgcc.a
LOAD c:/stm32toolchain/gcc-arm/bin/../lib/gcc/arm-none-eabi/7.2.1/../../../../arm-none-eabi/lib/thumb/v7-m\libc_nano.a
END GROUP

.PAT_1
 *(PATTERN_1)

.PAT_2
 *(PATTERN_2)

.PAT_3
 *(PATTERN_3)

.PAT_4
 *(PATTERN_4)

.PAT_5
 *(PATTERN_5)
                0x20005000                __stack = (ORIGIN (RAM) + LENGTH (RAM))
                0x20005000                _estack = __stack
                0x00000400                __Main_Stack_Size = 0x400
                [!provide]                PROVIDE (_Main_Stack_Size, __Main_Stack_Size)
                0x20004c00                __Main_Stack_Limit = (__stack - __Main_Stack_Size)
                [!provide]                PROVIDE (_Main_Stack_Limit, __Main_Stack_Limit)
                0x00000100                _Minimum_Stack_Size = 0x100
                0x20000228                PROVIDE (_Heap_Begin, _end_noinit)
                0x20004c00                PROVIDE (_Heap_Limit, (__stack - __Main_Stack_Size))

.isr_vector     0x08000000      0x34c
 FILL mask 0xff
                0x08000000                __vectors_start = ABSOLUTE (.)
                0x08000000                __vectors_start__ = ABSOLUTE (.)
 *(.isr_vector)
 .isr_vector    0x08000000      0x10c ./system/src/cmsis/startup_stm32f103xb.o
                0x08000000                g_pfnVectors
 *(.cfmconfig)
 *(.after_vectors .after_vectors.*)
 .after_vectors
                0x0800010c      0x114 ./system/src/newlib/_startup.o
                0x0800010c                _start
 .after_vectors
                0x08000220      0x12c ./system/src/cortexm/exception_handlers.o
                0x08000220                Reset_Handler
                0x08000226                NMI_Handler
                0x0800022a                HardFault_Handler
                0x0800023e                HardFault_Handler_C
                0x0800029c                MemManage_Handler
                0x080002a0                BusFault_Handler
                0x080002b4                BusFault_Handler_C
                0x080002e8                UsageFault_Handler
                0x080002fc                UsageFault_Handler_C
                0x08000330                SVC_Handler
                0x08000334                DebugMon_Handler
                0x08000338                PendSV_Handler
                0x0800033c                SysTick_Handler

.inits          0x0800034c       0x28
                0x0800034c                __data_regions_array_start = .
                0x0800034c        0x4 LONG 0x8001638 LOADADDR (.data)
                0x08000350        0x4 LONG 0x20000000 ADDR (.data)
                0x08000354        0x4 LONG 0x20000168 (ADDR (.data) + SIZEOF (.data))
                0x08000358        0x4 LONG 0x8001638 LOADADDR (.data_CCMRAM)
                0x0800035c        0x4 LONG 0x10000000 ADDR (.data_CCMRAM)
                0x08000360        0x4 LONG 0x10000000 (ADDR (.data_CCMRAM) + SIZEOF (.data_CCMRAM))
                0x08000364                __data_regions_array_end = .
                0x08000364                __bss_regions_array_start = .
                0x08000364        0x4 LONG 0x20000168 ADDR (.bss)
                0x08000368        0x4 LONG 0x20000228 (ADDR (.bss) + SIZEOF (.bss))
                0x0800036c        0x4 LONG 0x10000000 ADDR (.bss_CCMRAM)
                0x08000370        0x4 LONG 0x10000000 (ADDR (.bss_CCMRAM) + SIZEOF (.bss_CCMRAM))
                0x08000374                __bss_regions_array_end = .
 *(.init)
 *(.fini)
                0x08000374                . = ALIGN (0x4)
                0x08000374                PROVIDE (__preinit_array_start, .)
 *(.preinit_array_sysinit .preinit_array_sysinit.*)
 *(.preinit_array_platform .preinit_array_platform.*)
 *(.preinit_array .preinit_array.*)
                0x08000374                PROVIDE (__preinit_array_end, .)
                0x08000374                . = ALIGN (0x4)
                0x08000374                PROVIDE (__init_array_start, .)
 *(SORT_BY_NAME(.init_array.*))
 *(.init_array)
                0x08000374                PROVIDE (__init_array_end, .)
                0x08000374                . = ALIGN (0x4)
                0x08000374                PROVIDE (__fini_array_start, .)
 *(SORT_BY_NAME(.fini_array.*))
 *(.fini_array)
                0x08000374                PROVIDE (__fini_array_end, .)

.flashtext
 *(.flashtext .flashtext.*)

.text           0x08000374     0x12c3
 *(.text .text.*)
 .text.HAL_InitTick
                0x08000374       0x4c ./system/src/stm32f1xx/stm32f1xx_hal.o
                0x08000374                HAL_InitTick
 .text.HAL_Init
                0x080003c0       0x24 ./system/src/stm32f1xx/stm32f1xx_hal.o
                0x080003c0                HAL_Init
 .text.HAL_GetTick
                0x080003e4        0xc ./system/src/stm32f1xx/stm32f1xx_hal.o
                0x080003e4                HAL_GetTick
 .text.HAL_NVIC_SetPriorityGrouping
                0x080003f0       0x24 ./system/src/stm32f1xx/stm32f1xx_hal_cortex.o
                0x080003f0                HAL_NVIC_SetPriorityGrouping
 .text.HAL_NVIC_SetPriority
                0x08000414       0x68 ./system/src/stm32f1xx/stm32f1xx_hal_cortex.o
                0x08000414                HAL_NVIC_SetPriority
 .text.HAL_SYSTICK_Config
                0x0800047c       0x2c ./system/src/stm32f1xx/stm32f1xx_hal_cortex.o
                0x0800047c                HAL_SYSTICK_Config
 .text.FLASH_Program_HalfWord
                0x080004a8       0x1c ./system/src/stm32f1xx/stm32f1xx_hal_flash.o
 .text.FLASH_SetErrorCode
                0x080004c4       0x74 ./system/src/stm32f1xx/stm32f1xx_hal_flash.o
 .text.HAL_FLASH_Unlock
                0x08000538       0x34 ./system/src/stm32f1xx/stm32f1xx_hal_flash.o
                0x08000538                HAL_FLASH_Unlock
 .text.HAL_FLASH_Lock
                0x0800056c       0x14 ./system/src/stm32f1xx/stm32f1xx_hal_flash.o
                0x0800056c                HAL_FLASH_Lock
 .text.FLASH_WaitForLastOperation
                0x08000580       0x6c ./system/src/stm32f1xx/stm32f1xx_hal_flash.o
                0x08000580                FLASH_WaitForLastOperation
 .text.HAL_FLASH_Program
                0x080005ec       0x9c ./system/src/stm32f1xx/stm32f1xx_hal_flash.o
                0x080005ec                HAL_FLASH_Program
 .text.FLASH_MassErase
                0x08000688       0x24 ./system/src/stm32f1xx/stm32f1xx_hal_flash_ex.o
 .text.FLASH_PageErase
                0x080006ac       0x24 ./system/src/stm32f1xx/stm32f1xx_hal_flash_ex.o
                0x080006ac                FLASH_PageErase
 .text.HAL_FLASHEx_Erase
                0x080006d0       0xa4 ./system/src/stm32f1xx/stm32f1xx_hal_flash_ex.o
                0x080006d0                HAL_FLASHEx_Erase
 .text.HAL_GPIO_EXTI_Callback
                0x08000774        0x2 ./system/src/stm32f1xx/stm32f1xx_hal_gpio.o
                0x08000774                HAL_GPIO_EXTI_Callback
 *fill*         0x08000776        0x2 
 .text.HAL_GPIO_EXTI_IRQHandler
                0x08000778       0x1c ./system/src/stm32f1xx/stm32f1xx_hal_gpio.o
                0x08000778                HAL_GPIO_EXTI_IRQHandler
 .text._exit    0x08000794        0x2 ./system/src/newlib/_exit.o
                0x08000794                _exit
 *fill*         0x08000796        0x2 
 .text._sbrk    0x08000798       0x44 ./system/src/newlib/_sbrk.o
                0x08000798                _sbrk
 .text.__initialize_args
                0x080007dc       0x10 ./system/src/newlib/_syscalls.o
                0x080007dc                __initialize_args
 .text.trace_printf
                0x080007ec       0x30 ./system/src/diag/Trace.o
                0x080007ec                trace_printf
 .text._trace_write_semihosting_debug
                0x0800081c       0x60 ./system/src/diag/trace_impl.o
 .text.trace_write
                0x0800087c        0x8 ./system/src/diag/trace_impl.o
                0x0800087c                trace_write
 .text.__initialize_hardware_early
                0x08000884       0x18 ./system/src/cortexm/_initialize_hardware.o
                0x08000884                __initialize_hardware_early
 .text.__initialize_hardware
                0x0800089c        0x8 ./system/src/cortexm/_initialize_hardware.o
                0x0800089c                __initialize_hardware
 .text.dumpExceptionStack
                0x080008a4       0xf4 ./system/src/cortexm/exception_handlers.o
                0x080008a4                dumpExceptionStack
 .text.isSemihosting
                0x08000998       0x20 ./system/src/cortexm/exception_handlers.o
                0x08000998                isSemihosting
 .text.Default_Handler
                0x080009b8        0x2 ./system/src/cmsis/startup_stm32f103xb.o
                0x080009b8                RTC_Alarm_IRQHandler
                0x080009b8                EXTI2_IRQHandler
                0x080009b8                TIM1_CC_IRQHandler
                0x080009b8                PVD_IRQHandler
                0x080009b8                EXTI3_IRQHandler
                0x080009b8                EXTI0_IRQHandler
                0x080009b8                I2C2_EV_IRQHandler
                0x080009b8                ADC1_2_IRQHandler
                0x080009b8                SPI1_IRQHandler
                0x080009b8                TAMPER_IRQHandler
                0x080009b8                DMA1_Channel4_IRQHandler
                0x080009b8                USART3_IRQHandler
                0x080009b8                RTC_IRQHandler
                0x080009b8                DMA1_Channel7_IRQHandler
                0x080009b8                CAN1_RX1_IRQHandler
                0x080009b8                TIM4_IRQHandler
                0x080009b8                I2C1_EV_IRQHandler
                0x080009b8                DMA1_Channel6_IRQHandler
                0x080009b8                TIM3_IRQHandler
                0x080009b8                RCC_IRQHandler
                0x080009b8                TIM1_TRG_COM_IRQHandler
                0x080009b8                DMA1_Channel1_IRQHandler
                0x080009b8                Default_Handler
                0x080009b8                EXTI9_5_IRQHandler
                0x080009b8                SPI2_IRQHandler
                0x080009b8                DMA1_Channel5_IRQHandler
                0x080009b8                EXTI4_IRQHandler
                0x080009b8                USB_LP_CAN1_RX0_IRQHandler
                0x080009b8                USB_HP_CAN1_TX_IRQHandler
                0x080009b8                DMA1_Channel3_IRQHandler
                0x080009b8                TIM1_UP_IRQHandler
                0x080009b8                WWDG_IRQHandler
                0x080009b8                TIM2_IRQHandler
                0x080009b8                TIM1_BRK_IRQHandler
                0x080009b8                EXTI1_IRQHandler
                0x080009b8                USART2_IRQHandler
                0x080009b8                I2C2_ER_IRQHandler
                0x080009b8                DMA1_Channel2_IRQHandler
                0x080009b8                CAN1_SCE_IRQHandler
                0x080009b8                FLASH_IRQHandler
                0x080009b8                USART1_IRQHandler
                0x080009b8                I2C1_ER_IRQHandler
                0x080009b8                USBWakeUp_IRQHandler
 *fill*         0x080009ba        0x2 
 .text.SystemInit
                0x080009bc       0x4c ./system/src/cmsis/system_stm32f1xx.o
                0x080009bc                SystemInit
 .text.SystemCoreClockUpdate
                0x08000a08       0x94 ./system/src/cmsis/system_stm32f1xx.o
                0x08000a08                SystemCoreClockUpdate
 .text.main     0x08000a9c      0x110 ./src/main.o
                0x08000a9c                main
 .text.HAL_MspInit
                0x08000bac       0x90 ./src/stm32f1xx_hal_msp.o
                0x08000bac                HAL_MspInit
 .text.EXTI15_10_IRQHandler
                0x08000c3c        0xc ./src/stm32f1xx_it.o
                0x08000c3c                EXTI15_10_IRQHandler
 .text.__errno  0x08000c48        0xc c:/stm32toolchain/gcc-arm/bin/../lib/gcc/arm-none-eabi/7.2.1/../../../../arm-none-eabi/lib/thumb/v7-m\libg_nano.a(lib_a-errno.o)
                0x08000c48                __errno
 .text.memcpy   0x08000c54       0x16 c:/stm32toolchain/gcc-arm/bin/../lib/gcc/arm-none-eabi/7.2.1/../../../../arm-none-eabi/lib/thumb/v7-m\libg_nano.a(lib_a-memcpy-stub.o)
                0x08000c54                memcpy
 .text._vsnprintf_r
                0x08000c6a       0x58 c:/stm32toolchain/gcc-arm/bin/../lib/gcc/arm-none-eabi/7.2.1/../../../../arm-none-eabi/lib/thumb/v7-m\libg_nano.a(lib_a-vsnprintf.o)
                0x08000c6a                _vsniprintf_r
                0x08000c6a                _vsnprintf_r
 *fill*         0x08000cc2        0x2 
 .text.vsnprintf
                0x08000cc4       0x1c c:/stm32toolchain/gcc-arm/bin/../lib/gcc/arm-none-eabi/7.2.1/../../../../arm-none-eabi/lib/thumb/v7-m\libg_nano.a(lib_a-vsnprintf.o)
                0x08000cc4                vsniprintf
                0x08000cc4                vsnprintf
 .text.__ssputs_r
                0x08000ce0       0xb4 c:/stm32toolchain/gcc-arm/bin/../lib/gcc/arm-none-eabi/7.2.1/../../../../arm-none-eabi/lib/thumb/v7-m\libg_nano.a(lib_a-nano-svfprintf.o)
                0x08000ce0                __ssputs_r
 .text._svfprintf_r
                0x08000d94      0x1ec c:/stm32toolchain/gcc-arm/bin/../lib/gcc/arm-none-eabi/7.2.1/../../../../arm-none-eabi/lib/thumb/v7-m\libg_nano.a(lib_a-nano-svfprintf.o)
                0x08000d94                _svfiprintf_r
                0x08000d94                _svfprintf_r
 .text._printf_common
                0x08000f80       0xec c:/stm32toolchain/gcc-arm/bin/../lib/gcc/arm-none-eabi/7.2.1/../../../../arm-none-eabi/lib/thumb/v7-m\libg_nano.a(lib_a-nano-vfprintf_i.o)
                0x08000f80                _printf_common
 .text._printf_i
                0x0800106c      0x224 c:/stm32toolchain/gcc-arm/bin/../lib/gcc/arm-none-eabi/7.2.1/../../../../arm-none-eabi/lib/thumb/v7-m\libg_nano.a(lib_a-nano-vfprintf_i.o)
                0x0800106c                _printf_i
 .text.memchr   0x08001290       0x1c c:/stm32toolchain/gcc-arm/bin/../lib/gcc/arm-none-eabi/7.2.1/../../../../arm-none-eabi/lib/thumb/v7-m\libg_nano.a(lib_a-memchr-stub.o)
                0x08001290                memchr
 .text.memmove  0x080012ac       0x32 c:/stm32toolchain/gcc-arm/bin/../lib/gcc/arm-none-eabi/7.2.1/../../../../arm-none-eabi/lib/thumb/v7-m\libg_nano.a(lib_a-memmove.o)
                0x080012ac                memmove
 *fill*         0x080012de        0x2 
 .text._free_r  0x080012e0       0x98 c:/stm32toolchain/gcc-arm/bin/../lib/gcc/arm-none-eabi/7.2.1/../../../../arm-none-eabi/lib/thumb/v7-m\libg_nano.a(lib_a-nano-freer.o)
                0x080012e0                _free_r
 .text._malloc_r
                0x08001378       0xb4 c:/stm32toolchain/gcc-arm/bin/../lib/gcc/arm-none-eabi/7.2.1/../../../../arm-none-eabi/lib/thumb/v7-m\libg_nano.a(lib_a-nano-mallocr.o)
                0x08001378                _malloc_r
 .text._realloc_r
                0x0800142c       0x4c c:/stm32toolchain/gcc-arm/bin/../lib/gcc/arm-none-eabi/7.2.1/../../../../arm-none-eabi/lib/thumb/v7-m\libg_nano.a(lib_a-nano-reallocr.o)
                0x0800142c                _realloc_r
 .text._sbrk_r  0x08001478       0x20 c:/stm32toolchain/gcc-arm/bin/../lib/gcc/arm-none-eabi/7.2.1/../../../../arm-none-eabi/lib/thumb/v7-m\libg_nano.a(lib_a-sbrkr.o)
                0x08001478                _sbrk_r
 .text.__malloc_lock
                0x08001498        0x2 c:/stm32toolchain/gcc-arm/bin/../lib/gcc/arm-none-eabi/7.2.1/../../../../arm-none-eabi/lib/thumb/v7-m\libg_nano.a(lib_a-mlock.o)
                0x08001498                __malloc_lock
 .text.__malloc_unlock
                0x0800149a        0x2 c:/stm32toolchain/gcc-arm/bin/../lib/gcc/arm-none-eabi/7.2.1/../../../../arm-none-eabi/lib/thumb/v7-m\libg_nano.a(lib_a-mlock.o)
                0x0800149a                __malloc_unlock
 .text._malloc_usable_size_r
                0x0800149c       0x10 c:/stm32toolchain/gcc-arm/bin/../lib/gcc/arm-none-eabi/7.2.1/../../../../arm-none-eabi/lib/thumb/v7-m\libg_nano.a(lib_a-nano-msizer.o)
                0x0800149c                _malloc_usable_size_r
 *(.rodata .rodata.* .constdata .constdata.*)
 .rodata.dumpExceptionStack.str1.4
                0x080014ac      0x11a ./system/src/cortexm/exception_handlers.o
 *fill*         0x080015c6        0x2 
 .rodata.str1.4
                0x080015c8       0x2c ./system/src/cortexm/exception_handlers.o
                                 0x2a (size before relaxing)
 .rodata.AHBPrescTable
                0x080015f4       0x10 ./system/src/cmsis/system_stm32f1xx.o
                0x080015f4                AHBPrescTable
 .rodata._svfprintf_r.str1.1
                0x08001604       0x11 c:/stm32toolchain/gcc-arm/bin/../lib/gcc/arm-none-eabi/7.2.1/../../../../arm-none-eabi/lib/thumb/v7-m\libg_nano.a(lib_a-nano-svfprintf.o)
 .rodata._printf_i.str1.1
                0x08001615       0x22 c:/stm32toolchain/gcc-arm/bin/../lib/gcc/arm-none-eabi/7.2.1/../../../../arm-none-eabi/lib/thumb/v7-m\libg_nano.a(lib_a-nano-vfprintf_i.o)
 *(vtable)
 *(.eh_frame*)
 *(.glue_7)
 .glue_7        0x08001637        0x0 linker stubs
 *(.glue_7t)
 .glue_7t       0x08001637        0x0 linker stubs

.vfp11_veneer   0x08001638        0x0
 .vfp11_veneer  0x08001638        0x0 linker stubs

.v4_bx          0x08001638        0x0
 .v4_bx         0x08001638        0x0 linker stubs

.iplt           0x08001638        0x0
 .iplt          0x08001638        0x0 ./system/src/stm32f1xx/stm32f1xx_hal.o

.rel.dyn        0x08001638        0x0
 .rel.iplt      0x08001638        0x0 ./system/src/stm32f1xx/stm32f1xx_hal.o

.ARM.extab
 *(.ARM.extab* .gnu.linkonce.armextab.*)
                0x08001638                . = ALIGN (0x4)
                0x08001638                __exidx_start = .

.ARM.exidx
 *(.ARM.exidx* .gnu.linkonce.armexidx.*)
                0x08001638                __exidx_end = .
                0x08001638                . = ALIGN (0x4)
                0x08001638                _etext = .
                0x08001638                __etext = .

.data_CCMRAM    0x10000000        0x0 load address 0x08001638
 FILL mask 0xff
 *(.data.CCMRAM .data.CCMRAM.*)
                0x10000000                . = ALIGN (0x4)
                0x08001638                _sidata = LOADADDR (.data)

.data           0x20000000      0x168 load address 0x08001638
 FILL mask 0xff
                0x20000000                _sdata = .
                0x20000000                __data_start__ = .
 *(.data_begin .data_begin.*)
 .data_begin    0x20000000        0x4 ./system/src/newlib/_startup.o
 *(.data .data.*)
 .data.uwTickFreq
                0x20000004        0x1 ./system/src/stm32f1xx/stm32f1xx_hal.o
                0x20000004                uwTickFreq
 *fill*         0x20000005        0x3 ff
 .data.uwTickPrio
                0x20000008        0x4 ./system/src/stm32f1xx/stm32f1xx_hal.o
                0x20000008                uwTickPrio
 .data.argv.4310
                0x2000000c        0x8 ./system/src/newlib/_syscalls.o
 .data.SystemCoreClock
                0x20000014        0x4 ./system/src/cmsis/system_stm32f1xx.o
                0x20000014                SystemCoreClock
 .data.pattern1
                0x20000018       0x28 ./src/main.o
                0x20000018                pattern1
 .data.pattern2
                0x20000040       0x28 ./src/main.o
                0x20000040                pattern2
 .data.pattern3
                0x20000068       0x18 ./src/main.o
                0x20000068                pattern3
 .data.pattern4
                0x20000080       0x40 ./src/main.o
                0x20000080                pattern4
 .data.pattern5
                0x200000c0       0x40 ./src/main.o
                0x200000c0                pattern5
 .data._impure_ptr
                0x20000100        0x4 c:/stm32toolchain/gcc-arm/bin/../lib/gcc/arm-none-eabi/7.2.1/../../../../arm-none-eabi/lib/thumb/v7-m\libg_nano.a(lib_a-impure.o)
                0x20000100                _impure_ptr
 .data.impure_data
                0x20000104       0x60 c:/stm32toolchain/gcc-arm/bin/../lib/gcc/arm-none-eabi/7.2.1/../../../../arm-none-eabi/lib/thumb/v7-m\libg_nano.a(lib_a-impure.o)
 *(.data_end .data_end.*)
 .data_end      0x20000164        0x4 ./system/src/newlib/_startup.o
                0x20000168                . = ALIGN (0x4)
                0x20000168                _edata = .
                0x20000168                __data_end__ = .

.igot.plt       0x20000168        0x0 load address 0x080017a0
 .igot.plt      0x20000168        0x0 ./system/src/stm32f1xx/stm32f1xx_hal.o

.bss_CCMRAM     0x10000000        0x0
 *(.bss.CCMRAM .bss.CCMRAM.*)

.bss            0x20000168       0xc0
                0x20000168                __bss_start__ = .
                0x20000168                _sbss = .
 *(.bss_begin .bss_begin.*)
 .bss_begin     0x20000168        0x4 ./system/src/newlib/_startup.o
 *(.bss .bss.*)
 .bss.current_heap_end.3961
                0x2000016c        0x4 ./system/src/newlib/_sbrk.o
 .bss.name.4309
                0x20000170        0x1 ./system/src/newlib/_syscalls.o
 *fill*         0x20000171        0x3 
 .bss.buf.5205  0x20000174       0x80 ./system/src/diag/Trace.o
 .bss.__malloc_free_list
                0x200001f4        0x4 c:/stm32toolchain/gcc-arm/bin/../lib/gcc/arm-none-eabi/7.2.1/../../../../arm-none-eabi/lib/thumb/v7-m\libg_nano.a(lib_a-nano-mallocr.o)
                0x200001f4                __malloc_free_list
 .bss.__malloc_sbrk_start
                0x200001f8        0x4 c:/stm32toolchain/gcc-arm/bin/../lib/gcc/arm-none-eabi/7.2.1/../../../../arm-none-eabi/lib/thumb/v7-m\libg_nano.a(lib_a-nano-mallocr.o)
                0x200001f8                __malloc_sbrk_start
 *(COMMON)
 COMMON         0x200001fc        0x4 ./system/src/stm32f1xx/stm32f1xx_hal.o
                0x200001fc                uwTick
 COMMON         0x20000200       0x20 ./system/src/stm32f1xx/stm32f1xx_hal_flash.o
                0x20000200                pFlash
 COMMON         0x20000220        0x4 ./system/src/newlib/_syscalls.o
                0x20000220                errno
 *(.bss_end .bss_end.*)
 .bss_end       0x20000224        0x4 ./system/src/newlib/_startup.o
                0x20000228                . = ALIGN (0x4)
                0x20000228                __bss_end__ = .
                0x20000228                _ebss = .

.noinit_CCMRAM
 *(.noinit.CCMRAM .noinit.CCMRAM.*)

.noinit         0x20000228        0x0
                0x20000228                _noinit = .
 *(.noinit .noinit.*)
                0x20000228                . = ALIGN (0x4)
                0x20000228                _end_noinit = .
                [!provide]                PROVIDE (end, _end_noinit)
                [!provide]                PROVIDE (_end, _end_noinit)
                [!provide]                PROVIDE (__end, _end_noinit)
                [!provide]                PROVIDE (__end__, _end_noinit)

._check_stack   0x20000228      0x100
                0x20000328                . = (. + _Minimum_Stack_Size)
 *fill*         0x20000228      0x100 

.b1text
 *(.b1text)
 *(.b1rodata)
 *(.b1rodata.*)

.eb0text
 *(.eb0text)
 *(.eb0rodata)
 *(.eb0rodata.*)

.eb1text
 *(.eb1text)
 *(.eb1rodata)
 *(.eb1rodata.*)

.eb2text
 *(.eb2text)
 *(.eb2rodata)
 *(.eb2rodata.*)

.eb3text
 *(.eb3text)
 *(.eb3rodata)
 *(.eb3rodata.*)

.stab
 *(.stab)

.stabstr
 *(.stabstr)

.stab.excl
 *(.stab.excl)

.stab.exclstr
 *(.stab.exclstr)

.stab.index
 *(.stab.index)

.stab.indexstr
 *(.stab.indexstr)

.comment        0x00000000       0x7e
 *(.comment)
 .comment       0x00000000       0x7e ./system/src/stm32f1xx/stm32f1xx_hal.o
                                 0x7f (size before relaxing)
 .comment       0x0000007e       0x7f ./system/src/stm32f1xx/stm32f1xx_hal_cortex.o
 .comment       0x0000007e       0x7f ./system/src/stm32f1xx/stm32f1xx_hal_flash.o
 .comment       0x0000007e       0x7f ./system/src/stm32f1xx/stm32f1xx_hal_flash_ex.o
 .comment       0x0000007e       0x7f ./system/src/stm32f1xx/stm32f1xx_hal_gpio.o
 .comment       0x0000007e       0x7f ./system/src/newlib/_exit.o
 .comment       0x0000007e       0x7f ./system/src/newlib/_sbrk.o
 .comment       0x0000007e       0x7f ./system/src/newlib/_startup.o
 .comment       0x0000007e       0x7f ./system/src/newlib/_syscalls.o
 .comment       0x0000007e       0x7f ./system/src/diag/Trace.o
 .comment       0x0000007e       0x7f ./system/src/diag/trace_impl.o
 .comment       0x0000007e       0x7f ./system/src/cortexm/_initialize_hardware.o
 .comment       0x0000007e       0x7f ./system/src/cortexm/exception_handlers.o
 .comment       0x0000007e       0x7f ./system/src/cmsis/system_stm32f1xx.o
 .comment       0x0000007e       0x7f ./src/main.o
 .comment       0x0000007e       0x7f ./src/stm32f1xx_hal_msp.o
 .comment       0x0000007e       0x7f ./src/stm32f1xx_it.o

.ARM.attributes
                0x00000000       0x31
 .ARM.attributes
                0x00000000       0x33 ./system/src/stm32f1xx/stm32f1xx_hal.o
 .ARM.attributes
                0x00000033       0x33 ./system/src/stm32f1xx/stm32f1xx_hal_cortex.o
 .ARM.attributes
                0x00000066       0x33 ./system/src/stm32f1xx/stm32f1xx_hal_flash.o
 .ARM.attributes
                0x00000099       0x33 ./system/src/stm32f1xx/stm32f1xx_hal_flash_ex.o
 .ARM.attributes
                0x000000cc       0x33 ./system/src/stm32f1xx/stm32f1xx_hal_gpio.o
 .ARM.attributes
                0x000000ff       0x33 ./system/src/newlib/_exit.o
 .ARM.attributes
                0x00000132       0x33 ./system/src/newlib/_sbrk.o
 .ARM.attributes
                0x00000165       0x33 ./system/src/newlib/_startup.o
 .ARM.attributes
                0x00000198       0x33 ./system/src/newlib/_syscalls.o
 .ARM.attributes
                0x000001cb       0x33 ./system/src/diag/Trace.o
 .ARM.attributes
                0x000001fe       0x33 ./system/src/diag/trace_impl.o
 .ARM.attributes
                0x00000231       0x33 ./system/src/cortexm/_initialize_hardware.o
 .ARM.attributes
                0x00000264       0x33 ./system/src/cortexm/exception_handlers.o
 .ARM.attributes
                0x00000297       0x21 ./system/src/cmsis/startup_stm32f103xb.o
 .ARM.attributes
                0x000002b8       0x33 ./system/src/cmsis/system_stm32f1xx.o
 .ARM.attributes
                0x000002eb       0x33 ./src/main.o
 .ARM.attributes
                0x0000031e       0x33 ./src/stm32f1xx_hal_msp.o
 .ARM.attributes
                0x00000351       0x33 ./src/stm32f1xx_it.o
 .ARM.attributes
                0x00000384       0x2d c:/stm32toolchain/gcc-arm/bin/../lib/gcc/arm-none-eabi/7.2.1/../../../../arm-none-eabi/lib/thumb/v7-m\libg_nano.a(lib_a-errno.o)
 .ARM.attributes
                0x000003b1       0x2d c:/stm32toolchain/gcc-arm/bin/../lib/gcc/arm-none-eabi/7.2.1/../../../../arm-none-eabi/lib/thumb/v7-m\libg_nano.a(lib_a-impure.o)
 .ARM.attributes
                0x000003de       0x2d c:/stm32toolchain/gcc-arm/bin/../lib/gcc/arm-none-eabi/7.2.1/../../../../arm-none-eabi/lib/thumb/v7-m\libg_nano.a(lib_a-memcpy-stub.o)
 .ARM.attributes
                0x0000040b       0x2d c:/stm32toolchain/gcc-arm/bin/../lib/gcc/arm-none-eabi/7.2.1/../../../../arm-none-eabi/lib/thumb/v7-m\libg_nano.a(lib_a-vsnprintf.o)
 .ARM.attributes
                0x00000438       0x2d c:/stm32toolchain/gcc-arm/bin/../lib/gcc/arm-none-eabi/7.2.1/../../../../arm-none-eabi/lib/thumb/v7-m\libg_nano.a(lib_a-nano-svfprintf.o)
 .ARM.attributes
                0x00000465       0x2d c:/stm32toolchain/gcc-arm/bin/../lib/gcc/arm-none-eabi/7.2.1/../../../../arm-none-eabi/lib/thumb/v7-m\libg_nano.a(lib_a-nano-vfprintf_i.o)
 .ARM.attributes
                0x00000492       0x2d c:/stm32toolchain/gcc-arm/bin/../lib/gcc/arm-none-eabi/7.2.1/../../../../arm-none-eabi/lib/thumb/v7-m\libg_nano.a(lib_a-memchr-stub.o)
 .ARM.attributes
                0x000004bf       0x2d c:/stm32toolchain/gcc-arm/bin/../lib/gcc/arm-none-eabi/7.2.1/../../../../arm-none-eabi/lib/thumb/v7-m\libg_nano.a(lib_a-memmove.o)
 .ARM.attributes
                0x000004ec       0x2d c:/stm32toolchain/gcc-arm/bin/../lib/gcc/arm-none-eabi/7.2.1/../../../../arm-none-eabi/lib/thumb/v7-m\libg_nano.a(lib_a-nano-freer.o)
 .ARM.attributes
                0x00000519       0x2d c:/stm32toolchain/gcc-arm/bin/../lib/gcc/arm-none-eabi/7.2.1/../../../../arm-none-eabi/lib/thumb/v7-m\libg_nano.a(lib_a-nano-mallocr.o)
 .ARM.attributes
                0x00000546       0x2d c:/stm32toolchain/gcc-arm/bin/../lib/gcc/arm-none-eabi/7.2.1/../../../../arm-none-eabi/lib/thumb/v7-m\libg_nano.a(lib_a-nano-reallocr.o)
 .ARM.attributes
                0x00000573       0x2d c:/stm32toolchain/gcc-arm/bin/../lib/gcc/arm-none-eabi/7.2.1/../../../../arm-none-eabi/lib/thumb/v7-m\libg_nano.a(lib_a-sbrkr.o)
 .ARM.attributes
                0x000005a0       0x2d c:/stm32toolchain/gcc-arm/bin/../lib/gcc/arm-none-eabi/7.2.1/../../../../arm-none-eabi/lib/thumb/v7-m\libg_nano.a(lib_a-mlock.o)
 .ARM.attributes
                0x000005cd       0x2d c:/stm32toolchain/gcc-arm/bin/../lib/gcc/arm-none-eabi/7.2.1/../../../../arm-none-eabi/lib/thumb/v7-m\libg_nano.a(lib_a-nano-msizer.o)

.debug
 *(.debug)

.line
 *(.line)

.debug_srcinfo
 *(.debug_srcinfo)

.debug_sfnames
 *(.debug_sfnames)

.debug_aranges  0x00000000      0x580
 *(.debug_aranges)
 .debug_aranges
                0x00000000       0xd0 ./system/src/stm32f1xx/stm32f1xx_hal.o
 .debug_aranges
                0x000000d0       0x90 ./system/src/stm32f1xx/stm32f1xx_hal_cortex.o
 .debug_aranges
                0x00000160       0x88 ./system/src/stm32f1xx/stm32f1xx_hal_flash.o
 .debug_aranges
                0x000001e8       0x98 ./system/src/stm32f1xx/stm32f1xx_hal_flash_ex.o
 .debug_aranges
                0x00000280       0x58 ./system/src/stm32f1xx/stm32f1xx_hal_gpio.o
 .debug_aranges
                0x000002d8       0x28 ./system/src/newlib/_exit.o
 .debug_aranges
                0x00000300       0x20 ./system/src/newlib/_sbrk.o
 .debug_aranges
                0x00000320       0x40 ./system/src/newlib/_startup.o
 .debug_aranges
                0x00000360       0x30 ./system/src/newlib/_syscalls.o
 .debug_aranges
                0x00000390       0x38 ./system/src/diag/Trace.o
 .debug_aranges
                0x000003c8       0x30 ./system/src/diag/trace_impl.o
 .debug_aranges
                0x000003f8       0x28 ./system/src/cortexm/_initialize_hardware.o
 .debug_aranges
                0x00000420       0x90 ./system/src/cortexm/exception_handlers.o
 .debug_aranges
                0x000004b0       0x28 ./system/src/cmsis/startup_stm32f103xb.o
 .debug_aranges
                0x000004d8       0x28 ./system/src/cmsis/system_stm32f1xx.o
 .debug_aranges
                0x00000500       0x20 ./src/main.o
 .debug_aranges
                0x00000520       0x38 ./src/stm32f1xx_hal_msp.o
 .debug_aranges
                0x00000558       0x28 ./src/stm32f1xx_it.o

.debug_pubnames
 *(.debug_pubnames)

.debug_info     0x00000000     0xc2ec
 *(.debug_info .gnu.linkonce.wi.*)
 .debug_info    0x00000000      0xf85 ./system/src/stm32f1xx/stm32f1xx_hal.o
 .debug_info    0x00000f85     0x1454 ./system/src/stm32f1xx/stm32f1xx_hal_cortex.o
 .debug_info    0x000023d9      0xe7e ./system/src/stm32f1xx/stm32f1xx_hal_flash.o
 .debug_info    0x00003257     0x126f ./system/src/stm32f1xx/stm32f1xx_hal_flash_ex.o
 .debug_info    0x000044c6      0xe5b ./system/src/stm32f1xx/stm32f1xx_hal_gpio.o
 .debug_info    0x00005321      0x956 ./system/src/newlib/_exit.o
 .debug_info    0x00005c77      0x942 ./system/src/newlib/_sbrk.o
 .debug_info    0x000065b9      0x42e ./system/src/newlib/_startup.o
 .debug_info    0x000069e7      0xa19 ./system/src/newlib/_syscalls.o
 .debug_info    0x00007400      0xb2a ./system/src/diag/Trace.o
 .debug_info    0x00007f2a      0x3b3 ./system/src/diag/trace_impl.o
 .debug_info    0x000082dd      0x2fa ./system/src/cortexm/_initialize_hardware.o
 .debug_info    0x000085d7     0x1185 ./system/src/cortexm/exception_handlers.o
 .debug_info    0x0000975c       0x22 ./system/src/cmsis/startup_stm32f103xb.o
 .debug_info    0x0000977e      0x3cb ./system/src/cmsis/system_stm32f1xx.o
 .debug_info    0x00009b49      0xb49 ./src/main.o
 .debug_info    0x0000a692     0x12c2 ./src/stm32f1xx_hal_msp.o
 .debug_info    0x0000b954      0x998 ./src/stm32f1xx_it.o

.debug_abbrev   0x00000000     0x279f
 *(.debug_abbrev)
 .debug_abbrev  0x00000000      0x2f4 ./system/src/stm32f1xx/stm32f1xx_hal.o
 .debug_abbrev  0x000002f4      0x3cd ./system/src/stm32f1xx/stm32f1xx_hal_cortex.o
 .debug_abbrev  0x000006c1      0x31a ./system/src/stm32f1xx/stm32f1xx_hal_flash.o
 .debug_abbrev  0x000009db      0x2f8 ./system/src/stm32f1xx/stm32f1xx_hal_flash_ex.o
 .debug_abbrev  0x00000cd3      0x2a7 ./system/src/stm32f1xx/stm32f1xx_hal_gpio.o
 .debug_abbrev  0x00000f7a      0x1f3 ./system/src/newlib/_exit.o
 .debug_abbrev  0x0000116d      0x1fc ./system/src/newlib/_sbrk.o
 .debug_abbrev  0x00001369      0x1b3 ./system/src/newlib/_startup.o
 .debug_abbrev  0x0000151c      0x234 ./system/src/newlib/_syscalls.o
 .debug_abbrev  0x00001750      0x276 ./system/src/diag/Trace.o
 .debug_abbrev  0x000019c6      0x1e2 ./system/src/diag/trace_impl.o
 .debug_abbrev  0x00001ba8       0xea ./system/src/cortexm/_initialize_hardware.o
 .debug_abbrev  0x00001c92      0x32b ./system/src/cortexm/exception_handlers.o
 .debug_abbrev  0x00001fbd       0x12 ./system/src/cmsis/startup_stm32f103xb.o
 .debug_abbrev  0x00001fcf      0x134 ./system/src/cmsis/system_stm32f1xx.o
 .debug_abbrev  0x00002103      0x228 ./src/main.o
 .debug_abbrev  0x0000232b      0x27d ./src/stm32f1xx_hal_msp.o
 .debug_abbrev  0x000025a8      0x1f7 ./src/stm32f1xx_it.o

.debug_line     0x00000000     0x4e65
 *(.debug_line)
 .debug_line    0x00000000      0x6ae ./system/src/stm32f1xx/stm32f1xx_hal.o
 .debug_line    0x000006ae      0x6c6 ./system/src/stm32f1xx/stm32f1xx_hal_cortex.o
 .debug_line    0x00000d74      0x6fa ./system/src/stm32f1xx/stm32f1xx_hal_flash.o
 .debug_line    0x0000146e      0x78b ./system/src/stm32f1xx/stm32f1xx_hal_flash_ex.o
 .debug_line    0x00001bf9      0x6ab ./system/src/stm32f1xx/stm32f1xx_hal_gpio.o
 .debug_line    0x000022a4      0x2df ./system/src/newlib/_exit.o
 .debug_line    0x00002583      0x293 ./system/src/newlib/_sbrk.o
 .debug_line    0x00002816      0x34d ./system/src/newlib/_startup.o
 .debug_line    0x00002b63      0x38d ./system/src/newlib/_syscalls.o
 .debug_line    0x00002ef0      0x35b ./system/src/diag/Trace.o
 .debug_line    0x0000324b      0x3fc ./system/src/diag/trace_impl.o
 .debug_line    0x00003647      0x18c ./system/src/cortexm/_initialize_hardware.o
 .debug_line    0x000037d3      0x4be ./system/src/cortexm/exception_handlers.o
 .debug_line    0x00003c91       0x86 ./system/src/cmsis/startup_stm32f103xb.o
 .debug_line    0x00003d17      0x19f ./system/src/cmsis/system_stm32f1xx.o
 .debug_line    0x00003eb6      0x54d ./src/main.o
 .debug_line    0x00004403      0x54a ./src/stm32f1xx_hal_msp.o
 .debug_line    0x0000494d      0x518 ./src/stm32f1xx_it.o

.debug_frame    0x00000000      0xe30
 *(.debug_frame)
 .debug_frame   0x00000000      0x1ac ./system/src/stm32f1xx/stm32f1xx_hal.o
 .debug_frame   0x000001ac      0x12c ./system/src/stm32f1xx/stm32f1xx_hal_cortex.o
 .debug_frame   0x000002d8      0x134 ./system/src/stm32f1xx/stm32f1xx_hal_flash.o
 .debug_frame   0x0000040c      0x194 ./system/src/stm32f1xx/stm32f1xx_hal_flash_ex.o
 .debug_frame   0x000005a0       0xd4 ./system/src/stm32f1xx/stm32f1xx_hal_gpio.o
 .debug_frame   0x00000674       0x38 ./system/src/newlib/_exit.o
 .debug_frame   0x000006ac       0x28 ./system/src/newlib/_sbrk.o
 .debug_frame   0x000006d4       0x7c ./system/src/newlib/_startup.o
 .debug_frame   0x00000750       0x50 ./system/src/newlib/_syscalls.o
 .debug_frame   0x000007a0       0x94 ./system/src/diag/Trace.o
 .debug_frame   0x00000834       0x64 ./system/src/diag/trace_impl.o
 .debug_frame   0x00000898       0x40 ./system/src/cortexm/_initialize_hardware.o
 .debug_frame   0x000008d8      0x158 ./system/src/cortexm/exception_handlers.o
 .debug_frame   0x00000a30       0x30 ./system/src/cmsis/system_stm32f1xx.o
 .debug_frame   0x00000a60       0x2c ./src/main.o
 .debug_frame   0x00000a8c       0x74 ./src/stm32f1xx_hal_msp.o
 .debug_frame   0x00000b00       0x40 ./src/stm32f1xx_it.o
 .debug_frame   0x00000b40       0x20 c:/stm32toolchain/gcc-arm/bin/../lib/gcc/arm-none-eabi/7.2.1/../../../../arm-none-eabi/lib/thumb/v7-m\libg_nano.a(lib_a-errno.o)
 .debug_frame   0x00000b60       0x28 c:/stm32toolchain/gcc-arm/bin/../lib/gcc/arm-none-eabi/7.2.1/../../../../arm-none-eabi/lib/thumb/v7-m\libg_nano.a(lib_a-memcpy-stub.o)
 .debug_frame   0x00000b88       0x4c c:/stm32toolchain/gcc-arm/bin/../lib/gcc/arm-none-eabi/7.2.1/../../../../arm-none-eabi/lib/thumb/v7-m\libg_nano.a(lib_a-vsnprintf.o)
 .debug_frame   0x00000bd4       0x90 c:/stm32toolchain/gcc-arm/bin/../lib/gcc/arm-none-eabi/7.2.1/../../../../arm-none-eabi/lib/thumb/v7-m\libg_nano.a(lib_a-nano-svfprintf.o)
 .debug_frame   0x00000c64       0x60 c:/stm32toolchain/gcc-arm/bin/../lib/gcc/arm-none-eabi/7.2.1/../../../../arm-none-eabi/lib/thumb/v7-m\libg_nano.a(lib_a-nano-vfprintf_i.o)
 .debug_frame   0x00000cc4       0x28 c:/stm32toolchain/gcc-arm/bin/../lib/gcc/arm-none-eabi/7.2.1/../../../../arm-none-eabi/lib/thumb/v7-m\libg_nano.a(lib_a-memchr-stub.o)
 .debug_frame   0x00000cec       0x28 c:/stm32toolchain/gcc-arm/bin/../lib/gcc/arm-none-eabi/7.2.1/../../../../arm-none-eabi/lib/thumb/v7-m\libg_nano.a(lib_a-memmove.o)
 .debug_frame   0x00000d14       0x38 c:/stm32toolchain/gcc-arm/bin/../lib/gcc/arm-none-eabi/7.2.1/../../../../arm-none-eabi/lib/thumb/v7-m\libg_nano.a(lib_a-nano-freer.o)
 .debug_frame   0x00000d4c       0x2c c:/stm32toolchain/gcc-arm/bin/../lib/gcc/arm-none-eabi/7.2.1/../../../../arm-none-eabi/lib/thumb/v7-m\libg_nano.a(lib_a-nano-mallocr.o)
 .debug_frame   0x00000d78       0x3c c:/stm32toolchain/gcc-arm/bin/../lib/gcc/arm-none-eabi/7.2.1/../../../../arm-none-eabi/lib/thumb/v7-m\libg_nano.a(lib_a-nano-reallocr.o)
 .debug_frame   0x00000db4       0x2c c:/stm32toolchain/gcc-arm/bin/../lib/gcc/arm-none-eabi/7.2.1/../../../../arm-none-eabi/lib/thumb/v7-m\libg_nano.a(lib_a-sbrkr.o)
 .debug_frame   0x00000de0       0x30 c:/stm32toolchain/gcc-arm/bin/../lib/gcc/arm-none-eabi/7.2.1/../../../../arm-none-eabi/lib/thumb/v7-m\libg_nano.a(lib_a-mlock.o)
 .debug_frame   0x00000e10       0x20 c:/stm32toolchain/gcc-arm/bin/../lib/gcc/arm-none-eabi/7.2.1/../../../../arm-none-eabi/lib/thumb/v7-m\libg_nano.a(lib_a-nano-msizer.o)

.debug_str      0x00000000    0x714af
 *(.debug_str)
 .debug_str     0x00000000    0x6d54a ./system/src/stm32f1xx/stm32f1xx_hal.o
                              0x6d958 (size before relaxing)
 .debug_str     0x0006d54a      0x2df ./system/src/stm32f1xx/stm32f1xx_hal_cortex.o
                              0x6d8ad (size before relaxing)
 .debug_str     0x0006d829      0x2c1 ./system/src/stm32f1xx/stm32f1xx_hal_flash.o
                              0x6d51b (size before relaxing)
 .debug_str     0x0006daea      0x34d ./system/src/stm32f1xx/stm32f1xx_hal_flash_ex.o
                              0x6d6c9 (size before relaxing)
 .debug_str     0x0006de37      0x399 ./system/src/stm32f1xx/stm32f1xx_hal_gpio.o
                              0x6d5e9 (size before relaxing)
 .debug_str     0x0006e1d0     0x10ff ./system/src/newlib/_exit.o
                               0x7eb2 (size before relaxing)
 .debug_str     0x0006f2cf      0x4f5 ./system/src/newlib/_sbrk.o
                               0x7264 (size before relaxing)
 .debug_str     0x0006f7c4      0x260 ./system/src/newlib/_startup.o
                               0x699f (size before relaxing)
 .debug_str     0x0006fa24      0xe8b ./system/src/newlib/_syscalls.o
                               0x813f (size before relaxing)
 .debug_str     0x000708af      0x183 ./system/src/diag/Trace.o
                               0x862a (size before relaxing)
 .debug_str     0x00070a32      0x36d ./system/src/diag/trace_impl.o
                              0x5983c (size before relaxing)
 .debug_str     0x00070d9f       0x5e ./system/src/cortexm/_initialize_hardware.o
                              0x55625 (size before relaxing)
 .debug_str     0x00070dfd      0x19d ./system/src/cortexm/exception_handlers.o
                              0x5aa59 (size before relaxing)
 .debug_str     0x00070f9a       0x39 ./system/src/cmsis/startup_stm32f103xb.o
                                 0x79 (size before relaxing)
 .debug_str     0x00070fd3       0x7b ./system/src/cmsis/system_stm32f1xx.o
                              0x5566b (size before relaxing)
 .debug_str     0x0007104e       0x62 ./src/main.o
                              0x6d294 (size before relaxing)
 .debug_str     0x000710b0      0x3c2 ./src/stm32f1xx_hal_msp.o
                              0x6d99c (size before relaxing)
 .debug_str     0x00071472       0x3d ./src/stm32f1xx_it.o
                              0x6d231 (size before relaxing)

.debug_loc      0x00000000     0x1f43
 *(.debug_loc)
 .debug_loc     0x00000000       0xfd ./system/src/stm32f1xx/stm32f1xx_hal.o
 .debug_loc     0x000000fd      0x5ad ./system/src/stm32f1xx/stm32f1xx_hal_cortex.o
 .debug_loc     0x000006aa      0x337 ./system/src/stm32f1xx/stm32f1xx_hal_flash.o
 .debug_loc     0x000009e1      0x859 ./system/src/stm32f1xx/stm32f1xx_hal_flash_ex.o
 .debug_loc     0x0000123a      0x44e ./system/src/stm32f1xx/stm32f1xx_hal_gpio.o
 .debug_loc     0x00001688       0x85 ./system/src/newlib/_sbrk.o
 .debug_loc     0x0000170d      0x1a9 ./system/src/newlib/_startup.o
 .debug_loc     0x000018b6       0x63 ./system/src/newlib/_syscalls.o
 .debug_loc     0x00001919       0xf6 ./system/src/diag/Trace.o
 .debug_loc     0x00001a0f      0x121 ./system/src/diag/trace_impl.o
 .debug_loc     0x00001b30      0x291 ./system/src/cortexm/exception_handlers.o
 .debug_loc     0x00001dc1       0xdf ./system/src/cmsis/system_stm32f1xx.o
 .debug_loc     0x00001ea0       0x82 ./src/main.o
 .debug_loc     0x00001f22       0x21 ./src/stm32f1xx_hal_msp.o

.debug_macinfo
 *(.debug_macinfo)

.debug_weaknames
 *(.debug_weaknames)

.debug_funcnames
 *(.debug_funcnames)

.debug_typenames
 *(.debug_typenames)

.debug_varnames
 *(.debug_varnames)
OUTPUT(PWM_test_program.elf elf32-littlearm)

.debug_ranges   0x00000000      0x540
 .debug_ranges  0x00000000       0xc0 ./system/src/stm32f1xx/stm32f1xx_hal.o
 .debug_ranges  0x000000c0       0xe0 ./system/src/stm32f1xx/stm32f1xx_hal_cortex.o
 .debug_ranges  0x000001a0       0x78 ./system/src/stm32f1xx/stm32f1xx_hal_flash.o
 .debug_ranges  0x00000218       0x88 ./system/src/stm32f1xx/stm32f1xx_hal_flash_ex.o
 .debug_ranges  0x000002a0       0x48 ./system/src/stm32f1xx/stm32f1xx_hal_gpio.o
 .debug_ranges  0x000002e8       0x18 ./system/src/newlib/_exit.o
 .debug_ranges  0x00000300       0x10 ./system/src/newlib/_sbrk.o
 .debug_ranges  0x00000310       0x78 ./system/src/newlib/_startup.o
 .debug_ranges  0x00000388       0x20 ./system/src/newlib/_syscalls.o
 .debug_ranges  0x000003a8       0x28 ./system/src/diag/Trace.o
 .debug_ranges  0x000003d0       0x50 ./system/src/diag/trace_impl.o
 .debug_ranges  0x00000420       0x18 ./system/src/cortexm/_initialize_hardware.o
 .debug_ranges  0x00000438       0x80 ./system/src/cortexm/exception_handlers.o
 .debug_ranges  0x000004b8       0x20 ./system/src/cmsis/startup_stm32f103xb.o
 .debug_ranges  0x000004d8       0x18 ./system/src/cmsis/system_stm32f1xx.o
 .debug_ranges  0x000004f0       0x10 ./src/main.o
 .debug_ranges  0x00000500       0x28 ./src/stm32f1xx_hal_msp.o
 .debug_ranges  0x00000528       0x18 ./src/stm32f1xx_it.o

.debug_macro    0x00000000    0x161dc
 .debug_macro   0x00000000      0x2f3 ./system/src/stm32f1xx/stm32f1xx_hal.o
 .debug_macro   0x000002f3      0xa5a ./system/src/stm32f1xx/stm32f1xx_hal.o
 .debug_macro   0x00000d4d       0x6a ./system/src/stm32f1xx/stm32f1xx_hal.o
 .debug_macro   0x00000db7      0x163 ./system/src/stm32f1xx/stm32f1xx_hal.o
 .debug_macro   0x00000f1a       0x2e ./system/src/stm32f1xx/stm32f1xx_hal.o
 .debug_macro   0x00000f48       0x22 ./system/src/stm32f1xx/stm32f1xx_hal.o
 .debug_macro   0x00000f6a      0x34e ./system/src/stm32f1xx/stm32f1xx_hal.o
 .debug_macro   0x000012b8       0x34 ./system/src/stm32f1xx/stm32f1xx_hal.o
 .debug_macro   0x000012ec       0x34 ./system/src/stm32f1xx/stm32f1xx_hal.o
 .debug_macro   0x00001320      0xb8e ./system/src/stm32f1xx/stm32f1xx_hal.o
 .debug_macro   0x00001eae     0xe90a ./system/src/stm32f1xx/stm32f1xx_hal.o
 .debug_macro   0x000107b8       0x43 ./system/src/stm32f1xx/stm32f1xx_hal.o
 .debug_macro   0x000107fb       0x22 ./system/src/stm32f1xx/stm32f1xx_hal.o
 .debug_macro   0x0001081d       0x52 ./system/src/stm32f1xx/stm32f1xx_hal.o
 .debug_macro   0x0001086f       0x17 ./system/src/stm32f1xx/stm32f1xx_hal.o
 .debug_macro   0x00010886       0x8d ./system/src/stm32f1xx/stm32f1xx_hal.o
 .debug_macro   0x00010913       0x35 ./system/src/stm32f1xx/stm32f1xx_hal.o
 .debug_macro   0x00010948       0x9c ./system/src/stm32f1xx/stm32f1xx_hal.o
 .debug_macro   0x000109e4       0x16 ./system/src/stm32f1xx/stm32f1xx_hal.o
 .debug_macro   0x000109fa       0x57 ./system/src/stm32f1xx/stm32f1xx_hal.o
 .debug_macro   0x00010a51       0x97 ./system/src/stm32f1xx/stm32f1xx_hal.o
 .debug_macro   0x00010ae8      0x330 ./system/src/stm32f1xx/stm32f1xx_hal.o
 .debug_macro   0x00010e18       0xfd ./system/src/stm32f1xx/stm32f1xx_hal.o
 .debug_macro   0x00010f15       0x10 ./system/src/stm32f1xx/stm32f1xx_hal.o
 .debug_macro   0x00010f25       0x58 ./system/src/stm32f1xx/stm32f1xx_hal.o
 .debug_macro   0x00010f7d       0x1f ./system/src/stm32f1xx/stm32f1xx_hal.o
 .debug_macro   0x00010f9c       0x43 ./system/src/stm32f1xx/stm32f1xx_hal.o
 .debug_macro   0x00010fdf       0x20 ./system/src/stm32f1xx/stm32f1xx_hal.o
 .debug_macro   0x00010fff      0x18e ./system/src/stm32f1xx/stm32f1xx_hal.o
 .debug_macro   0x0001118d       0x10 ./system/src/stm32f1xx/stm32f1xx_hal.o
 .debug_macro   0x0001119d       0x6a ./system/src/stm32f1xx/stm32f1xx_hal.o
 .debug_macro   0x00011207       0x1c ./system/src/stm32f1xx/stm32f1xx_hal.o
 .debug_macro   0x00011223       0x52 ./system/src/stm32f1xx/stm32f1xx_hal.o
 .debug_macro   0x00011275       0x40 ./system/src/stm32f1xx/stm32f1xx_hal.o
 .debug_macro   0x000112b5       0x10 ./system/src/stm32f1xx/stm32f1xx_hal.o
 .debug_macro   0x000112c5       0x40 ./system/src/stm32f1xx/stm32f1xx_hal.o
 .debug_macro   0x00011305       0xd7 ./system/src/stm32f1xx/stm32f1xx_hal.o
 .debug_macro   0x000113dc       0x1c ./system/src/stm32f1xx/stm32f1xx_hal.o
 .debug_macro   0x000113f8       0x3d ./system/src/stm32f1xx/stm32f1xx_hal.o
 .debug_macro   0x00011435       0x16 ./system/src/stm32f1xx/stm32f1xx_hal.o
 .debug_macro   0x0001144b      0x16f ./system/src/stm32f1xx/stm32f1xx_hal.o
 .debug_macro   0x000115ba       0x57 ./system/src/stm32f1xx/stm32f1xx_hal.o
 .debug_macro   0x00011611      0x5c2 ./system/src/stm32f1xx/stm32f1xx_hal.o
 .debug_macro   0x00011bd3      0x28a ./system/src/stm32f1xx/stm32f1xx_hal.o
 .debug_macro   0x00011e5d      0x1cb ./system/src/stm32f1xx/stm32f1xx_hal.o
 .debug_macro   0x00012028      0x11e ./system/src/stm32f1xx/stm32f1xx_hal.o
 .debug_macro   0x00012146      0x1b3 ./system/src/stm32f1xx/stm32f1xx_hal.o
 .debug_macro   0x000122f9       0x27 ./system/src/stm32f1xx/stm32f1xx_hal.o
 .debug_macro   0x00012320      0x1bc ./system/src/stm32f1xx/stm32f1xx_hal.o
 .debug_macro   0x000124dc       0x34 ./system/src/stm32f1xx/stm32f1xx_hal.o
 .debug_macro   0x00012510       0x3c ./system/src/stm32f1xx/stm32f1xx_hal.o
 .debug_macro   0x0001254c       0x57 ./system/src/stm32f1xx/stm32f1xx_hal.o
 .debug_macro   0x000125a3       0x8c ./system/src/stm32f1xx/stm32f1xx_hal.o
 .debug_macro   0x0001262f      0x242 ./system/src/stm32f1xx/stm32f1xx_hal.o
 .debug_macro   0x00012871      0x143 ./system/src/stm32f1xx/stm32f1xx_hal.o
 .debug_macro   0x000129b4      0x84c ./system/src/stm32f1xx/stm32f1xx_hal.o
 .debug_macro   0x00013200       0x1f ./system/src/stm32f1xx/stm32f1xx_hal.o
 .debug_macro   0x0001321f       0x83 ./system/src/stm32f1xx/stm32f1xx_hal.o
 .debug_macro   0x000132a2      0x2cf ./system/src/stm32f1xx/stm32f1xx_hal_cortex.o
 .debug_macro   0x00013571      0x2cf ./system/src/stm32f1xx/stm32f1xx_hal_flash.o
 .debug_macro   0x00013840      0x2e1 ./system/src/stm32f1xx/stm32f1xx_hal_flash_ex.o
 .debug_macro   0x00013b21      0x33f ./system/src/stm32f1xx/stm32f1xx_hal_gpio.o
 .debug_macro   0x00013e60      0x1b4 ./system/src/newlib/_exit.o
 .debug_macro   0x00014014      0x10e ./system/src/newlib/_exit.o
 .debug_macro   0x00014122       0x8d ./system/src/newlib/_exit.o
 .debug_macro   0x000141af       0x35 ./system/src/newlib/_exit.o
 .debug_macro   0x000141e4      0x169 ./system/src/newlib/_sbrk.o
 .debug_macro   0x0001434d      0x174 ./system/src/newlib/_sbrk.o
 .debug_macro   0x000144c1       0x10 ./system/src/newlib/_sbrk.o
 .debug_macro   0x000144d1      0x23b ./system/src/newlib/_sbrk.o
 .debug_macro   0x0001470c      0x173 ./system/src/newlib/_startup.o
 .debug_macro   0x0001487f      0x217 ./system/src/newlib/_syscalls.o
 .debug_macro   0x00014a96       0x1c ./system/src/newlib/_syscalls.o
 .debug_macro   0x00014ab2       0x10 ./system/src/newlib/_syscalls.o
 .debug_macro   0x00014ac2       0x10 ./system/src/newlib/_syscalls.o
 .debug_macro   0x00014ad2       0x10 ./system/src/newlib/_syscalls.o
 .debug_macro   0x00014ae2       0x35 ./system/src/newlib/_syscalls.o
 .debug_macro   0x00014b17      0x122 ./system/src/newlib/_syscalls.o
 .debug_macro   0x00014c39       0x88 ./system/src/newlib/_syscalls.o
 .debug_macro   0x00014cc1       0x2b ./system/src/newlib/_syscalls.o
 .debug_macro   0x00014cec      0x118 ./system/src/newlib/_syscalls.o
 .debug_macro   0x00014e04      0x189 ./system/src/newlib/_syscalls.o
 .debug_macro   0x00014f8d       0x16 ./system/src/newlib/_syscalls.o
 .debug_macro   0x00014fa3      0x1fb ./system/src/diag/Trace.o
 .debug_macro   0x0001519e       0x4c ./system/src/diag/Trace.o
 .debug_macro   0x000151ea       0x16 ./system/src/diag/Trace.o
 .debug_macro   0x00015200      0x1f9 ./system/src/diag/trace_impl.o
 .debug_macro   0x000153f9       0x10 ./system/src/diag/trace_impl.o
 .debug_macro   0x00015409       0xcf ./system/src/diag/trace_impl.o
 .debug_macro   0x000154d8       0xbe ./system/src/diag/trace_impl.o
 .debug_macro   0x00015596       0x22 ./system/src/diag/trace_impl.o
 .debug_macro   0x000155b8       0x8a ./system/src/cortexm/_initialize_hardware.o
 .debug_macro   0x00015642      0x243 ./system/src/cortexm/exception_handlers.o
 .debug_macro   0x00015885       0x3a ./system/src/cortexm/exception_handlers.o
 .debug_macro   0x000158bf       0x10 ./system/src/cortexm/exception_handlers.o
 .debug_macro   0x000158cf       0x92 ./system/src/cmsis/system_stm32f1xx.o
 .debug_macro   0x00015961      0x2d3 ./src/main.o
 .debug_macro   0x00015c34      0x2cf ./src/stm32f1xx_hal_msp.o
 .debug_macro   0x00015f03      0x2d9 ./src/stm32f1xx_it.o
